Component: ARM Compiler 5.06 update 4 (build 422) Tool: armlink [4d35d2]

==============================================================================

Section Cross References

    stm32f4xx_it.o(.text) refers to ticks.o(.text) for TimeTick_Decrement
    main.o(.text) refers to ticks.o(.text) for SysTick_Init
    main.o(.text) refers to dbus.o(.text) for Dbus_init
    main.o(.text) refers to 1.8 tft_display.o(.text) for tft_init
    main.o(.text) refers to led.o(.text) for LED_master_init
    main.o(.text) refers to yaw_gyro.o(.text) for gyro_init
    main.o(.text) refers to adc.o(.text) for ADC1_init
    main.o(.text) refers to judge.o(.text) for judging_system_init
    main.o(.text) refers to pneumatic.o(.text) for pneumatic_init
    main.o(.text) refers to can1.o(.text) for CAN1_Configuration
    main.o(.text) refers to can2.o(.text) for CAN2_Configuration
    main.o(.text) refers to encoder.o(.text) for Quad_Encoder_Configuration
    main.o(.text) refers to pwm.o(.text) for Friction_wheel_init
    main.o(.text) refers to f2d.o(x$fpl$f2d) for __aeabi_f2d
    main.o(.text) refers to dmul.o(x$fpl$dmul) for __aeabi_dmul
    main.o(.text) refers to daddsub_clz.o(x$fpl$dsub) for __aeabi_dsub
    main.o(.text) refers to d2f.o(x$fpl$d2f) for __aeabi_d2f
    main.o(.text) refers to pid.o(.text) for pid_process_gai1
    main.o(.text) refers to main.o(.bss) for buffer
    main.o(.text) refers to main.o(.data) for ticks_msimg
    main.o(.text) refers to dbus.o(.bss) for DBUS_ReceiveData
    main.o(.text) refers to judge.o(.bss) for InfantryJudge
    main.o(.text) refers to yaw_gyro.o(.data) for output_angle
    main.o(.text) refers to helper_functions.o(.text) for buffer_in
    main.o(.text) refers to canbusprocess.o(.text) for Set_CM_Speed
    main.o(.text) refers to canbusprocess.o(.bss) for CM1Encoder
    main.o(.text) refers to gpio.o(.constdata) for PB3
    system_stm32f4xx.o(.text) refers to system_stm32f4xx.o(.data) for SystemCoreClock
    startup_stm32f40_41xxx.o(STACK) refers (Special) to heapauxi.o(.text) for __use_two_region_memory
    startup_stm32f40_41xxx.o(HEAP) refers (Special) to heapauxi.o(.text) for __use_two_region_memory
    startup_stm32f40_41xxx.o(RESET) refers (Special) to heapauxi.o(.text) for __use_two_region_memory
    startup_stm32f40_41xxx.o(RESET) refers to startup_stm32f40_41xxx.o(STACK) for __initial_sp
    startup_stm32f40_41xxx.o(RESET) refers to startup_stm32f40_41xxx.o(.text) for Reset_Handler
    startup_stm32f40_41xxx.o(RESET) refers to stm32f4xx_it.o(.text) for NMI_Handler
    startup_stm32f40_41xxx.o(RESET) refers to can1.o(.text) for CAN1_TX_IRQHandler
    startup_stm32f40_41xxx.o(RESET) refers to dbus.o(.text) for USART1_IRQHandler
    startup_stm32f40_41xxx.o(RESET) refers to judge.o(.text) for USART3_IRQHandler
    startup_stm32f40_41xxx.o(RESET) refers to yaw_gyro.o(.text) for TIM5_IRQHandler
    startup_stm32f40_41xxx.o(RESET) refers to can2.o(.text) for CAN2_TX_IRQHandler
    startup_stm32f40_41xxx.o(.text) refers (Special) to heapauxi.o(.text) for __use_two_region_memory
    startup_stm32f40_41xxx.o(.text) refers to system_stm32f4xx.o(.text) for SystemInit
    startup_stm32f40_41xxx.o(.text) refers to __main.o(!!!main) for __main
    startup_stm32f40_41xxx.o(.text) refers to startup_stm32f40_41xxx.o(HEAP) for Heap_Mem
    startup_stm32f40_41xxx.o(.text) refers to startup_stm32f40_41xxx.o(STACK) for Stack_Mem
    stm32f4xx_adc.o(.text) refers to stm32f4xx_rcc.o(.text) for RCC_APB2PeriphResetCmd
    stm32f4xx_can.o(.text) refers to stm32f4xx_rcc.o(.text) for RCC_APB1PeriphResetCmd
    stm32f4xx_gpio.o(.text) refers to stm32f4xx_rcc.o(.text) for RCC_AHB1PeriphResetCmd
    stm32f4xx_i2c.o(.text) refers to stm32f4xx_rcc.o(.text) for RCC_APB1PeriphResetCmd
    stm32f4xx_spi.o(.text) refers to stm32f4xx_rcc.o(.text) for RCC_APB2PeriphResetCmd
    stm32f4xx_syscfg.o(.text) refers to stm32f4xx_rcc.o(.text) for RCC_APB2PeriphResetCmd
    stm32f4xx_tim.o(.text) refers to stm32f4xx_rcc.o(.text) for RCC_APB2PeriphResetCmd
    stm32f4xx_usart.o(.text) refers to stm32f4xx_rcc.o(.text) for RCC_APB2PeriphResetCmd
    stm32f4xx_rcc.o(.text) refers to stm32f4xx_rcc.o(.data) for APBAHBPrescTable
    buzzer.o(.text) refers to stm32f4xx_tim.o(.text) for TIM_SetCompare3
    buzzer.o(.text) refers to gpio.o(.text) for timer_gpio_init
    buzzer.o(.text) refers to timer.o(.text) for timer_init
    buzzer.o(.text) refers to buzzer.o(.bss) for NOTE0_PERIOD
    buzzer.o(.text) refers to buzzer.o(.data) for i
    buzzer.o(.text) refers to gpio.o(.constdata) for PB1
    buzzer.o(.text) refers to system_stm32f4xx.o(.data) for SystemCoreClock
    gpio.o(.text) refers to stm32f4xx_gpio.o(.text) for GPIO_PinAFConfig
    gpio.o(.text) refers to stm32f4xx_rcc.o(.text) for RCC_AHB1PeriphClockCmd
    gpio.o(.text) refers to gpio.o(.constdata) for PA15
    ticks.o(.text) refers to system_stm32f4xx.o(.data) for SystemCoreClock
    ticks.o(.text) refers to ticks.o(.data) for sysTickDownCounter
[...]
    DMA_DoubleBufferModeCmd                  0x08001ddb   Thumb Code    22  stm32f4xx_dma.o(.text)
    DMA_MemoryTargetConfig                   0x08001df1   Thumb Code    10  stm32f4xx_dma.o(.text)
    DMA_GetCurrentMemoryTarget               0x08001dfb   Thumb Code    20  stm32f4xx_dma.o(.text)
    DMA_GetCmdStatus                         0x08001e0f   Thumb Code    20  stm32f4xx_dma.o(.text)
    DMA_GetFIFOStatus                        0x08001e23   Thumb Code    12  stm32f4xx_dma.o(.text)
    DMA_GetFlagStatus                        0x08001e2f   Thumb Code    56  stm32f4xx_dma.o(.text)
    DMA_ClearFlag                            0x08001e67   Thumb Code    40  stm32f4xx_dma.o(.text)
    DMA_ITConfig                             0x08001e8f   Thumb Code    58  stm32f4xx_dma.o(.text)
    DMA_GetITStatus                          0x08001ec9   Thumb Code    84  stm32f4xx_dma.o(.text)
    DMA_ClearITPendingBit                    0x08001f1d   Thumb Code    40  stm32f4xx_dma.o(.text)
    GPIO_DeInit                              0x08001f65   Thumb Code   268  stm32f4xx_gpio.o(.text)
    GPIO_Init                                0x08002071   Thumb Code   144  stm32f4xx_gpio.o(.text)
    GPIO_StructInit                          0x08002101   Thumb Code    18  stm32f4xx_gpio.o(.text)
    GPIO_PinLockConfig                       0x08002113   Thumb Code    34  stm32f4xx_gpio.o(.text)
    GPIO_ReadInputDataBit                    0x08002135   Thumb Code    18  stm32f4xx_gpio.o(.text)
    GPIO_ReadInputData                       0x08002147   Thumb Code     8  stm32f4xx_gpio.o(.text)
    GPIO_ReadOutputDataBit                   0x0800214f   Thumb Code    18  stm32f4xx_gpio.o(.text)
    GPIO_ReadOutputData                      0x08002161   Thumb Code     8  stm32f4xx_gpio.o(.text)
    GPIO_SetBits                             0x08002169   Thumb Code     4  stm32f4xx_gpio.o(.text)
    GPIO_ResetBits                           0x0800216d   Thumb Code     4  stm32f4xx_gpio.o(.text)
    GPIO_WriteBit                            0x08002171   Thumb Code    10  stm32f4xx_gpio.o(.text)
    GPIO_Write                               0x0800217b   Thumb Code     4  stm32f4xx_gpio.o(.text)
    GPIO_ToggleBits                          0x0800217f   Thumb Code     8  stm32f4xx_gpio.o(.text)
    GPIO_PinAFConfig                         0x08002187   Thumb Code    70  stm32f4xx_gpio.o(.text)
    SPI_I2S_DeInit                           0x080021f9   Thumb Code   152  stm32f4xx_spi.o(.text)
    SPI_Init                                 0x08002291   Thumb Code    60  stm32f4xx_spi.o(.text)
    I2S_Init                                 0x080022cd   Thumb Code   396  stm32f4xx_spi.o(.text)
    SPI_StructInit                           0x08002459   Thumb Code    24  stm32f4xx_spi.o(.text)
    I2S_StructInit                           0x08002471   Thumb Code    20  stm32f4xx_spi.o(.text)
    SPI_Cmd                                  0x08002485   Thumb Code    24  stm32f4xx_spi.o(.text)
    I2S_Cmd                                  0x0800249d   Thumb Code    24  stm32f4xx_spi.o(.text)
    SPI_DataSizeConfig                       0x080024b5   Thumb Code    18  stm32f4xx_spi.o(.text)
    SPI_BiDirectionalLineConfig              0x080024c7   Thumb Code    28  stm32f4xx_spi.o(.text)
    SPI_NSSInternalSoftwareConfig            0x080024e3   Thumb Code    30  stm32f4xx_spi.o(.text)
    SPI_SSOutputCmd                          0x08002501   Thumb Code    24  stm32f4xx_spi.o(.text)
    SPI_TIModeCmd                            0x08002519   Thumb Code    24  stm32f4xx_spi.o(.text)
    I2S_FullDuplexConfig                     0x08002531   Thumb Code    80  stm32f4xx_spi.o(.text)
    SPI_I2S_ReceiveData                      0x08002581   Thumb Code     6  stm32f4xx_spi.o(.text)
    SPI_I2S_SendData                         0x08002587   Thumb Code     4  stm32f4xx_spi.o(.text)
    SPI_CalculateCRC                         0x0800258b   Thumb Code    24  stm32f4xx_spi.o(.text)
    SPI_TransmitCRC                          0x080025a3   Thumb Code    10  stm32f4xx_spi.o(.text)
    SPI_GetCRC                               0x080025ad   Thumb Code    16  stm32f4xx_spi.o(.text)
    SPI_GetCRCPolynomial                     0x080025bd   Thumb Code     6  stm32f4xx_spi.o(.text)
    SPI_I2S_DMACmd                           0x080025c3   Thumb Code    18  stm32f4xx_spi.o(.text)
    SPI_I2S_ITConfig                         0x080025d5   Thumb Code    68  stm32f4xx_spi.o(.text)
    SPI_I2S_GetFlagStatus                    0x08002619   Thumb Code    18  stm32f4xx_spi.o(.text)
    SPI_I2S_ClearFlag                        0x0800262b   Thumb Code     6  stm32f4xx_spi.o(.text)
    SPI_I2S_GetITStatus                      0x08002631   Thumb Code    52  stm32f4xx_spi.o(.text)
    SPI_I2S_ClearITPendingBit                0x08002665   Thumb Code    20  stm32f4xx_spi.o(.text)
    TIM_DeInit                               0x08002679   Thumb Code   346  stm32f4xx_tim.o(.text)
    TIM_TimeBaseInit                         0x080027d3   Thumb Code   104  stm32f4xx_tim.o(.text)
    TIM_TimeBaseStructInit                   0x0800283b   Thumb Code    18  stm32f4xx_tim.o(.text)
    TIM_PrescalerConfig                      0x0800284d   Thumb Code     6  stm32f4xx_tim.o(.text)
    TIM_CounterModeConfig                    0x08002853   Thumb Code    18  stm32f4xx_tim.o(.text)
    TIM_SetCounter                           0x08002865   Thumb Code     4  stm32f4xx_tim.o(.text)
    TIM_SetAutoreload                        0x08002869   Thumb Code     4  stm32f4xx_tim.o(.text)
    TIM_GetCounter                           0x0800286d   Thumb Code     6  stm32f4xx_tim.o(.text)
    TIM_GetPrescaler                         0x08002873   Thumb Code     6  stm32f4xx_tim.o(.text)
    TIM_UpdateDisableConfig                  0x08002879   Thumb Code    24  stm32f4xx_tim.o(.text)
    TIM_UpdateRequestConfig                  0x08002891   Thumb Code    24  stm32f4xx_tim.o(.text)
    TIM_ARRPreloadConfig                     0x080028a9   Thumb Code    24  stm32f4xx_tim.o(.text)
    TIM_SelectOnePulseMode                   0x080028c1   Thumb Code    18  stm32f4xx_tim.o(.text)
    TIM_SetClockDivision                     0x080028d3   Thumb Code    18  stm32f4xx_tim.o(.text)
    TIM_Cmd                                  0x080028e5   Thumb Code    24  stm32f4xx_tim.o(.text)
    TIM_OC1Init                              0x080028fd   Thumb Code   114  stm32f4xx_tim.o(.text)
    TIM_OC2Init                              0x0800296f   Thumb Code   154  stm32f4xx_tim.o(.text)
    TIM_OC3Init                              0x08002a09   Thumb Code   204  stm32f4xx_tim.o(.text)
    TIM_OC4Init                              0x08002ad5   Thumb Code   112  stm32f4xx_tim.o(.text)
    TIM_OCStructInit                         0x08002b45   Thumb Code    20  stm32f4xx_tim.o(.text)
    TIM_SelectOCxM                           0x08002b59   Thumb Code    86  stm32f4xx_tim.o(.text)
    TIM_SetCompare1                          0x08002baf   Thumb Code     4  stm32f4xx_tim.o(.text)
    TIM_SetCompare2                          0x08002bb3   Thumb Code     4  stm32f4xx_tim.o(.text)
    TIM_SetCompare3                          0x08002bb7   Thumb Code     4  stm32f4xx_tim.o(.text)
    TIM_SetCompare4                          0x08002bbb   Thumb Code     4  stm32f4xx_tim.o(.text)
    TIM_ForcedOC1Config                      0x08002bbf   Thumb Code    18  stm32f4xx_tim.o(.text)
    TIM_ForcedOC2Config                      0x08002bd1   Thumb Code    26  stm32f4xx_tim.o(.text)
    TIM_ForcedOC3Config                      0x08002beb   Thumb Code    18  stm32f4xx_tim.o(.text)
    TIM_ForcedOC4Config                      0x08002bfd   Thumb Code    26  stm32f4xx_tim.o(.text)
    TIM_OC1PreloadConfig                     0x08002c17   Thumb Code    18  stm32f4xx_tim.o(.text)
    TIM_OC2PreloadConfig                     0x08002c29   Thumb Code    26  stm32f4xx_tim.o(.text)
    TIM_OC3PreloadConfig                     0x08002c43   Thumb Code    18  stm32f4xx_tim.o(.text)
    TIM_OC4PreloadConfig                     0x08002c55   Thumb Code    26  stm32f4xx_tim.o(.text)
    TIM_OC1FastConfig                        0x08002c6f   Thumb Code    18  stm32f4xx_tim.o(.text)
    TIM_OC2FastConfig                        0x08002c81   Thumb Code    26  stm32f4xx_tim.o(.text)
    TIM_OC3FastConfig                        0x08002c9b   Thumb Code    18  stm32f4xx_tim.o(.text)
    TIM_OC4FastConfig                        0x08002cad   Thumb Code    26  stm32f4xx_tim.o(.text)
    TIM_ClearOC1Ref                          0x08002cc7   Thumb Code    18  stm32f4xx_tim.o(.text)
    TIM_ClearOC2Ref                          0x08002cd9   Thumb Code    24  stm32f4xx_tim.o(.text)
    TIM_ClearOC3Ref                          0x08002cf1   Thumb Code    18  stm32f4xx_tim.o(.text)
    TIM_ClearOC4Ref                          0x08002d03   Thumb Code    24  stm32f4xx_tim.o(.text)
    TIM_OC1PolarityConfig                    0x08002d1b   Thumb Code    18  stm32f4xx_tim.o(.text)
    TIM_OC1NPolarityConfig                   0x08002d2d   Thumb Code    18  stm32f4xx_tim.o(.text)
    TIM_OC2PolarityConfig                    0x08002d3f   Thumb Code    26  stm32f4xx_tim.o(.text)
    TIM_OC2NPolarityConfig                   0x08002d59   Thumb Code    26  stm32f4xx_tim.o(.text)
    TIM_OC3PolarityConfig                    0x08002d73   Thumb Code    26  stm32f4xx_tim.o(.text)
    TIM_OC3NPolarityConfig                   0x08002d8d   Thumb Code    26  stm32f4xx_tim.o(.text)
    TIM_OC4PolarityConfig                    0x08002da7   Thumb Code    26  stm32f4xx_tim.o(.text)
    TIM_CCxCmd                               0x08002dc1   Thumb Code    30  stm32f4xx_tim.o(.text)
    TIM_CCxNCmd                              0x08002ddf   Thumb Code    30  stm32f4xx_tim.o(.text)
    TIM_SetIC4Prescaler                      0x08002dfd   Thumb Code    26  stm32f4xx_tim.o(.text)
    TIM_SetIC3Prescaler                      0x08002e67   Thumb Code    18  stm32f4xx_tim.o(.text)
    TIM_SetIC2Prescaler                      0x08002ec1   Thumb Code    26  stm32f4xx_tim.o(.text)
    TIM_SetIC1Prescaler                      0x08002f35   Thumb Code    18  stm32f4xx_tim.o(.text)
    TIM_ICInit                               0x08002f81   Thumb Code   110  stm32f4xx_tim.o(.text)
    TIM_ICStructInit                         0x08002fef   Thumb Code    18  stm32f4xx_tim.o(.text)
    TIM_PWMIConfig                           0x08003001   Thumb Code   124  stm32f4xx_tim.o(.text)
    TIM_GetCapture1                          0x0800307d   Thumb Code     6  stm32f4xx_tim.o(.text)
    TIM_GetCapture2                          0x08003083   Thumb Code     6  stm32f4xx_tim.o(.text)
    TIM_GetCapture3                          0x08003089   Thumb Code     6  stm32f4xx_tim.o(.text)
    TIM_GetCapture4                          0x0800308f   Thumb Code     6  stm32f4xx_tim.o(.text)
    TIM_BDTRConfig                           0x08003095   Thumb Code    32  stm32f4xx_tim.o(.text)
    TIM_BDTRStructInit                       0x080030b5   Thumb Code    18  stm32f4xx_tim.o(.text)
    TIM_CtrlPWMOutputs                       0x080030c7   Thumb Code    30  stm32f4xx_tim.o(.text)
    TIM_SelectCOM                            0x080030e5   Thumb Code    24  stm32f4xx_tim.o(.text)
    TIM_CCPreloadControl                     0x080030fd   Thumb Code    24  stm32f4xx_tim.o(.text)
    TIM_ITConfig                             0x08003115   Thumb Code    18  stm32f4xx_tim.o(.text)
    TIM_GenerateEvent                        0x08003127   Thumb Code     4  stm32f4xx_tim.o(.text)
    TIM_GetFlagStatus                        0x0800312b   Thumb Code    18  stm32f4xx_tim.o(.text)
    TIM_ClearFlag                            0x0800313d   Thumb Code     6  stm32f4xx_tim.o(.text)
    TIM_GetITStatus                          0x08003143   Thumb Code    34  stm32f4xx_tim.o(.text)
    TIM_ClearITPendingBit                    0x08003165   Thumb Code     6  stm32f4xx_tim.o(.text)
    TIM_DMAConfig                            0x0800316b   Thumb Code    10  stm32f4xx_tim.o(.text)
    TIM_DMACmd                               0x08003175   Thumb Code    18  stm32f4xx_tim.o(.text)
    TIM_SelectCCDMA                          0x08003187   Thumb Code    24  stm32f4xx_tim.o(.text)
    TIM_InternalClockConfig                  0x0800319f   Thumb Code    12  stm32f4xx_tim.o(.text)
    TIM_SelectInputTrigger                   0x080031ab   Thumb Code    18  stm32f4xx_tim.o(.text)
    TIM_ITRxExternalClockConfig              0x080031bd   Thumb Code    24  stm32f4xx_tim.o(.text)
    TIM_TIxExternalClockConfig               0x080031d5   Thumb Code    62  stm32f4xx_tim.o(.text)
    TIM_ETRConfig                            0x08003213   Thumb Code    28  stm32f4xx_tim.o(.text)
    TIM_ETRClockMode1Config                  0x0800322f   Thumb Code    54  stm32f4xx_tim.o(.text)
    TIM_ETRClockMode2Config                  0x08003265   Thumb Code    32  stm32f4xx_tim.o(.text)
    TIM_SelectOutputTrigger                  0x08003285   Thumb Code    18  stm32f4xx_tim.o(.text)
    TIM_SelectSlaveMode                      0x08003297   Thumb Code    18  stm32f4xx_tim.o(.text)
    TIM_SelectMasterSlaveMode                0x080032a9   Thumb Code    18  stm32f4xx_tim.o(.text)
    TIM_EncoderInterfaceConfig               0x080032bb   Thumb Code    66  stm32f4xx_tim.o(.text)
    TIM_SelectHallSensor                     0x080032fd   Thumb Code    24  stm32f4xx_tim.o(.text)
    TIM_RemapConfig                          0x08003315   Thumb Code     6  stm32f4xx_tim.o(.text)
    USART_DeInit                             0x0800331d   Thumb Code   206  stm32f4xx_usart.o(.text)
    USART_Init                               0x080033eb   Thumb Code   204  stm32f4xx_usart.o(.text)
    USART_StructInit                         0x080034b7   Thumb Code    24  stm32f4xx_usart.o(.text)
    USART_ClockInit                          0x080034cf   Thumb Code    32  stm32f4xx_usart.o(.text)
    USART_ClockStructInit                    0x080034ef   Thumb Code    12  stm32f4xx_usart.o(.text)
    USART_Cmd                                0x080034fb   Thumb Code    24  stm32f4xx_usart.o(.text)
    USART_SetPrescaler                       0x08003513   Thumb Code    16  stm32f4xx_usart.o(.text)
    USART_OverSampling8Cmd                   0x08003523   Thumb Code    22  stm32f4xx_usart.o(.text)
    USART_OneBitMethodCmd                    0x08003539   Thumb Code    24  stm32f4xx_usart.o(.text)
    USART_SendData                           0x08003551   Thumb Code     8  stm32f4xx_usart.o(.text)
    USART_ReceiveData                        0x08003559   Thumb Code    10  stm32f4xx_usart.o(.text)
    USART_SetAddress                         0x08003563   Thumb Code    18  stm32f4xx_usart.o(.text)
    USART_ReceiverWakeUpCmd                  0x08003575   Thumb Code    24  stm32f4xx_usart.o(.text)
    USART_WakeUpConfig                       0x0800358d   Thumb Code    18  stm32f4xx_usart.o(.text)
    USART_LINBreakDetectLengthConfig         0x0800359f   Thumb Code    18  stm32f4xx_usart.o(.text)
    USART_LINCmd                             0x080035b1   Thumb Code    24  stm32f4xx_usart.o(.text)
    USART_SendBreak                          0x080035c9   Thumb Code    10  stm32f4xx_usart.o(.text)
    USART_HalfDuplexCmd                      0x080035d3   Thumb Code    24  stm32f4xx_usart.o(.text)
    USART_SetGuardTime                       0x080035eb   Thumb Code    16  stm32f4xx_usart.o(.text)
    USART_SmartCardCmd                       0x080035fb   Thumb Code    24  stm32f4xx_usart.o(.text)
    USART_SmartCardNACKCmd                   0x08003613   Thumb Code    24  stm32f4xx_usart.o(.text)
    USART_IrDAConfig                         0x0800362b   Thumb Code    18  stm32f4xx_usart.o(.text)
    USART_IrDACmd                            0x0800363d   Thumb Code    24  stm32f4xx_usart.o(.text)
    USART_DMACmd                             0x08003655   Thumb Code    18  stm32f4xx_usart.o(.text)
    USART_ITConfig                           0x08003667   Thumb Code    74  stm32f4xx_usart.o(.text)
    USART_GetFlagStatus                      0x080036b1   Thumb Code    26  stm32f4xx_usart.o(.text)
    USART_ClearFlag                          0x080036cb   Thumb Code    18  stm32f4xx_usart.o(.text)
    USART_GetITStatus                        0x080036dd   Thumb Code   118  stm32f4xx_usart.o(.text)
    USART_ClearITPendingBit                  0x08003753   Thumb Code    30  stm32f4xx_usart.o(.text)
    RCC_DeInit                               0x08003771   Thumb Code    82  stm32f4xx_rcc.o(.text)
    RCC_HSEConfig                            0x080037c3   Thumb Code    14  stm32f4xx_rcc.o(.text)
    RCC_GetFlagStatus                        0x080037d1   Thumb Code    60  stm32f4xx_rcc.o(.text)
    RCC_WaitForHSEStartUp                    0x0800380d   Thumb Code    56  stm32f4xx_rcc.o(.text)
    RCC_AdjustHSICalibrationValue            0x08003845   Thumb Code    20  stm32f4xx_rcc.o(.text)
    RCC_HSICmd                               0x08003859   Thumb Code     6  stm32f4xx_rcc.o(.text)
    RCC_LSEConfig                            0x0800385f   Thumb Code    46  stm32f4xx_rcc.o(.text)
    RCC_LSICmd                               0x0800388d   Thumb Code     6  stm32f4xx_rcc.o(.text)
    RCC_PLLConfig                            0x08003893   Thumb Code    32  stm32f4xx_rcc.o(.text)
    RCC_PLLCmd                               0x080038b3   Thumb Code     6  stm32f4xx_rcc.o(.text)
    RCC_PLLI2SConfig                         0x080038b9   Thumb Code    14  stm32f4xx_rcc.o(.text)
    RCC_PLLI2SCmd                            0x080038c7   Thumb Code     6  stm32f4xx_rcc.o(.text)
    RCC_PLLSAIConfig                         0x080038cd   Thumb Code    20  stm32f4xx_rcc.o(.text)
    RCC_PLLSAICmd                            0x080038e1   Thumb Code     6  stm32f4xx_rcc.o(.text)
    RCC_ClockSecuritySystemCmd               0x080038e7   Thumb Code     6  stm32f4xx_rcc.o(.text)
    RCC_MCO1Config                           0x080038ed   Thumb Code    28  stm32f4xx_rcc.o(.text)
    RCC_MCO2Config                           0x08003909   Thumb Code    28  stm32f4xx_rcc.o(.text)
    RCC_SYSCLKConfig                         0x08003925   Thumb Code    20  stm32f4xx_rcc.o(.text)
    RCC_GetSYSCLKSource                      0x08003939   Thumb Code    12  stm32f4xx_rcc.o(.text)
    RCC_HCLKConfig                           0x08003945   Thumb Code    20  stm32f4xx_rcc.o(.text)
    RCC_PCLK1Config                          0x08003959   Thumb Code    20  stm32f4xx_rcc.o(.text)
    RCC_PCLK2Config                          0x0800396d   Thumb Code    22  stm32f4xx_rcc.o(.text)
    RCC_GetClocksFreq                        0x08003983   Thumb Code   222  stm32f4xx_rcc.o(.text)
    RCC_RTCCLKConfig                         0x08003a61   Thumb Code    54  stm32f4xx_rcc.o(.text)
    RCC_RTCCLKCmd                            0x08003a97   Thumb Code     8  stm32f4xx_rcc.o(.text)
    RCC_BackupResetCmd                       0x08003a9f   Thumb Code     8  stm32f4xx_rcc.o(.text)
    RCC_I2SCLKConfig                         0x08003aa7   Thumb Code     6  stm32f4xx_rcc.o(.text)
    RCC_SAIPLLI2SClkDivConfig                0x08003aad   Thumb Code    26  stm32f4xx_rcc.o(.text)
    RCC_SAIPLLSAIClkDivConfig                0x08003ac7   Thumb Code    28  stm32f4xx_rcc.o(.text)
    RCC_SAIBlockACLKConfig                   0x08003ae3   Thumb Code    20  stm32f4xx_rcc.o(.text)
    RCC_SAIBlockBCLKConfig                   0x08003af7   Thumb Code    20  stm32f4xx_rcc.o(.text)
    RCC_LTDCCLKDivConfig                     0x08003b0b   Thumb Code    20  stm32f4xx_rcc.o(.text)
    RCC_TIMCLKPresConfig                     0x08003b1f   Thumb Code     6  stm32f4xx_rcc.o(.text)
    RCC_AHB1PeriphClockCmd                   0x08003b25   Thumb Code    34  stm32f4xx_rcc.o(.text)
    RCC_AHB2PeriphClockCmd                   0x08003b47   Thumb Code    78  stm32f4xx_rcc.o(.text)
    RCC_AHB3PeriphClockCmd                   0x08003b95   Thumb Code    34  stm32f4xx_rcc.o(.text)
    RCC_APB1PeriphClockCmd                   0x08003bb7   Thumb Code    34  stm32f4xx_rcc.o(.text)
    RCC_APB2PeriphClockCmd                   0x08003bd9   Thumb Code    34  stm32f4xx_rcc.o(.text)
    RCC_AHB1PeriphResetCmd                   0x08003bfb   Thumb Code    34  stm32f4xx_rcc.o(.text)
    RCC_AHB2PeriphResetCmd                   0x08003c1d   Thumb Code    34  stm32f4xx_rcc.o(.text)
    RCC_AHB3PeriphResetCmd                   0x08003c3f   Thumb Code    34  stm32f4xx_rcc.o(.text)
    RCC_APB1PeriphResetCmd                   0x08003c61   Thumb Code    34  stm32f4xx_rcc.o(.text)
    RCC_APB2PeriphResetCmd                   0x08003c83   Thumb Code    34  stm32f4xx_rcc.o(.text)
    RCC_AHB1PeriphClockLPModeCmd             0x08003ca5   Thumb Code    34  stm32f4xx_rcc.o(.text)
    RCC_AHB2PeriphClockLPModeCmd             0x08003cc7   Thumb Code    34  stm32f4xx_rcc.o(.text)
    RCC_AHB3PeriphClockLPModeCmd             0x08003ce9   Thumb Code    34  stm32f4xx_rcc.o(.text)
    RCC_APB1PeriphClockLPModeCmd             0x08003d0b   Thumb Code    34  stm32f4xx_rcc.o(.text)
    RCC_APB2PeriphClockLPModeCmd             0x08003d2d   Thumb Code    34  stm32f4xx_rcc.o(.text)
    RCC_LSEModeConfig                        0x08003d4f   Thumb Code    40  stm32f4xx_rcc.o(.text)
    RCC_ITConfig                             0x08003d77   Thumb Code    34  stm32f4xx_rcc.o(.text)
    RCC_ClearFlag                            0x08003d99   Thumb Code    18  stm32f4xx_rcc.o(.text)
    RCC_GetITStatus                          0x08003dab   Thumb Code    22  stm32f4xx_rcc.o(.text)
    RCC_ClearITPendingBit                    0x08003dc1   Thumb Code     8  stm32f4xx_rcc.o(.text)
    AF_config                                0x08003dcd   Thumb Code   280  gpio.o(.text)
    gpio_rcc_init                            0x08003ee5   Thumb Code   156  gpio.o(.text)
    gpio_init                                0x08003f81   Thumb Code    54  gpio.o(.text)
    timer_gpio_init                          0x08003fb7   Thumb Code    48  gpio.o(.text)
    BUTTON_init                              0x08003fe7   Thumb Code    44  gpio.o(.text)
    LED_init                                 0x08004013   Thumb Code    78  gpio.o(.text)
    gpio_read_input                          0x08004061   Thumb Code    14  gpio.o(.text)
    gpio_write                               0x0800406f   Thumb Code    18  gpio.o(.text)
    SysTick_Init                             0x08004089   Thumb Code    90  ticks.o(.text)
    TimeTick_Decrement                       0x080040e3   Thumb Code    18  ticks.o(.text)
    TimeTick_Increment                       0x080040f5   Thumb Code    30  ticks.o(.text)
    get_ms_ticks                             0x08004113   Thumb Code     6  ticks.o(.text)
    delay_1ms                                0x08004119   Thumb Code    18  ticks.o(.text)
    delay_nms                                0x0800412b   Thumb Code    16  ticks.o(.text)
    Brush_motor_pwm_dir_init                 0x08004155   Thumb Code   106  pwm.o(.text)
    Brush_motor_control1                     0x080041bf   Thumb Code    42  pwm.o(.text)
    Brush_motor_control2                     0x080041e9   Thumb Code    42  pwm.o(.text)
    Friction_wheel_init                      0x08004213   Thumb Code   116  pwm.o(.text)
    Friction_wheel_control1                  0x08004287   Thumb Code    14  pwm.o(.text)
    Friction_wheel_control2                  0x08004295   Thumb Code    14  pwm.o(.text)
    Friction_wheel_control3                  0x080042a3   Thumb Code    14  pwm.o(.text)
    timer_rcc_init                           0x080042d5   Thumb Code   228  timer.o(.text)
    timer_init                               0x080043b9   Thumb Code    54  timer.o(.text)
    pwm_timer_init                           0x080043ef   Thumb Code   178  timer.o(.text)
    LED_master_init                          0x080044d5   Thumb Code    10  led.o(.text)
    LED_control                              0x080044df   Thumb Code    30  led.o(.text)
    LED_blink                                0x080044fd   Thumb Code    50  led.o(.text)
    tft_spi_init                             0x08004539   Thumb Code   178  1.8 tft_display.o(.text)
    tft_write_command                        0x080045eb   Thumb Code    72  1.8 tft_display.o(.text)
    tft_write_data                           0x08004633   Thumb Code    72  1.8 tft_display.o(.text)
    tft_config                               0x0800467b   Thumb Code   514  1.8 tft_display.o(.text)
    tft_reset                                0x0800487d   Thumb Code    32  1.8 tft_display.o(.text)
    tft_fill_color                           0x0800489d   Thumb Code    98  1.8 tft_display.o(.text)
    tft_set_special_color                    0x080048ff   Thumb Code     6  1.8 tft_display.o(.text)
    tft_set_text_color                       0x08004905   Thumb Code     6  1.8 tft_display.o(.text)
    tft_set_bg_color                         0x0800490b   Thumb Code     6  1.8 tft_display.o(.text)
    tft_init                                 0x08004911   Thumb Code   214  1.8 tft_display.o(.text)
    tft_enable                               0x080049e7   Thumb Code     8  1.8 tft_display.o(.text)
    tft_disable                              0x080049ef   Thumb Code     8  1.8 tft_display.o(.text)
    tft_get_bg_color                         0x080049f7   Thumb Code     6  1.8 tft_display.o(.text)
    tft_get_text_color                       0x080049fd   Thumb Code     6  1.8 tft_display.o(.text)
    tft_get_special_text_color               0x08004a03   Thumb Code     6  1.8 tft_display.o(.text)
    tft_get_orientation                      0x08004a09   Thumb Code     6  1.8 tft_display.o(.text)
    tft_force_clear                          0x08004a0f   Thumb Code    86  1.8 tft_display.o(.text)
    tft_set_orientation                      0x08004a65   Thumb Code    28  1.8 tft_display.o(.text)
    tft_get_max_x_char                       0x08004a81   Thumb Code    24  1.8 tft_display.o(.text)
    tft_get_max_y_char                       0x08004a99   Thumb Code    24  1.8 tft_display.o(.text)
    tft_set_pixel_pos                        0x08004ab1   Thumb Code    78  1.8 tft_display.o(.text)
    tft_set_char_pos                         0x08004aff   Thumb Code    82  1.8 tft_display.o(.text)
    tft_clear_line                           0x08004b51   Thumb Code    68  1.8 tft_display.o(.text)
    tft_clear                                0x08004b95   Thumb Code    22  1.8 tft_display.o(.text)
    tft_toggle                               0x08004bab   Thumb Code    34  1.8 tft_display.o(.text)
    tft_put_pixel                            0x08004bcd   Thumb Code   100  1.8 tft_display.o(.text)
    tft_char_is_changed                      0x08004c31   Thumb Code   186  1.8 tft_display.o(.text)
    tft_prints                               0x08004ceb   Thumb Code   268  1.8 tft_display.o(.text)
    tft_update                               0x08004df7   Thumb Code  1454  1.8 tft_display.o(.text)
    gyro_spi_init                            0x080053b5   Thumb Code   306  yaw_gyro.o(.text)
    gyro_chip_deselect                       0x080054e7   Thumb Code    12  yaw_gyro.o(.text)
    gyro_chip_select                         0x080054f3   Thumb Code    12  yaw_gyro.o(.text)
    spi_frame                                0x080054ff   Thumb Code    72  yaw_gyro.o(.text)
    adis_write                               0x08005547   Thumb Code    50  yaw_gyro.o(.text)
    adis_read                                0x08005579   Thumb Code    34  yaw_gyro.o(.text)
    gyro_init                                0x0800559b   Thumb Code    68  yaw_gyro.o(.text)
    gyro_get_vel                             0x080055df   Thumb Code    40  yaw_gyro.o(.text)
    gyro_cal                                 0x08005607   Thumb Code   116  yaw_gyro.o(.text)
    Abs                                      0x0800567b   Thumb Code    14  yaw_gyro.o(.text)
    gyro_get_off                             0x08005689   Thumb Code    40  yaw_gyro.o(.text)
    gyro_cal_short                           0x080056b1   Thumb Code   140  yaw_gyro.o(.text)
    gyro_get_angle                           0x0800573d   Thumb Code    18  yaw_gyro.o(.text)
    gyro_update                              0x0800574f   Thumb Code   434  yaw_gyro.o(.text)
    get_angle                                0x08005901   Thumb Code     8  yaw_gyro.o(.text)
    gyro_get_flash                           0x08005909   Thumb Code    16  yaw_gyro.o(.text)
    gyro_get_power                           0x08005919   Thumb Code    30  yaw_gyro.o(.text)
    gyro_get_adc                             0x08005937   Thumb Code    30  yaw_gyro.o(.text)
    gyro_get_temp                            0x08005955   Thumb Code    30  yaw_gyro.o(.text)
    set_angle                                0x08005973   Thumb Code    18  yaw_gyro.o(.text)
    TIM5_Int_Init                            0x08005985   Thumb Code   104  yaw_gyro.o(.text)
    yaw_axis_pid_cal                         0x080059ed   Thumb Code   110  yaw_gyro.o(.text)
    TIM5_IRQHandler                          0x08005a5b   Thumb Code   158  yaw_gyro.o(.text)
    ADC1_init                                0x08005b55   Thumb Code   254  adc.o(.text)
    ADC_raw_data                             0x08005c53   Thumb Code    12  adc.o(.text)
    get_5v                                   0x08005c5f   Thumb Code    30  adc.o(.text)
    get_mcu_temperature                      0x08005c7d   Thumb Code     6  adc.o(.text)
    Quad_Encoder_Configuration               0x08005c9d   Thumb Code   178  encoder.o(.text)
    Encoder_Start1                           0x08005d4f   Thumb Code    12  encoder.o(.text)
    Encoder_Start2                           0x08005d5b   Thumb Code    12  encoder.o(.text)
    GetQuadEncoderDiff1                      0x08005d67   Thumb Code    40  encoder.o(.text)
    GetQuadEncoderDiff2                      0x08005d8f   Thumb Code    40  encoder.o(.text)
    pneumatic_init                           0x08005dcd   Thumb Code    28  pneumatic.o(.text)
    pneumatic_control                        0x08005de9   Thumb Code    80  pneumatic.o(.text)
    CAN1_Configuration                       0x08005e4d   Thumb Code   262  can1.o(.text)
    CAN1_TX_IRQHandler                       0x08005f53   Thumb Code    22  can1.o(.text)
    CAN1_RX0_IRQHandler                      0x08005f69   Thumb Code    44  can1.o(.text)
    CAN2_Configuration                       0x08005fa1   Thumb Code   264  can2.o(.text)
    CAN2_TX_IRQHandler                       0x080060a9   Thumb Code    22  can2.o(.text)
    CAN2_RX0_IRQHandler                      0x080060bf   Thumb Code    42  can2.o(.text)
    GetEncoderBias                           0x080060f1   Thumb Code    26  canbusprocess.o(.text)
    EncoderProcess                           0x0800610b   Thumb Code   212  canbusprocess.o(.text)
    CanReceiveMsgProcess                     0x080061df   Thumb Code   218  canbusprocess.o(.text)
    Set_CM_Speed                             0x080062b9   Thumb Code    92  canbusprocess.o(.text)
    Set_Gimbal_Current                       0x08006315   Thumb Code    92  canbusprocess.o(.text)
    Dbus_init                                0x0800639d   Thumb Code   268  dbus.o(.text)
    DBUS_DataDecoding                        0x080064a9   Thumb Code   266  dbus.o(.text)
    DBUS_CheckPush                           0x080065b3   Thumb Code    26  dbus.o(.text)
    USART1_IRQHandler                        0x080065cd   Thumb Code    76  dbus.o(.text)
    judging_system_init                      0x0800663d   Thumb Code   260  judge.o(.text)
    Get_CRC8_Check_Sum                       0x08006741   Thumb Code    30  judge.o(.text)
    Verify_CRC8_Check_Sum                    0x0800675f   Thumb Code    46  judge.o(.text)
    Append_CRC8_Check_Sum                    0x0800678d   Thumb Code    36  judge.o(.text)
    Get_CRC16_Check_Sum                      0x080067b1   Thumb Code    46  judge.o(.text)
    Verify_CRC16_Check_Sum                   0x080067df   Thumb Code    60  judge.o(.text)
    Append_CRC16_Check_Sum                   0x0800681b   Thumb Code    44  judge.o(.text)
    Judge_InitConfig                         0x08006847   Thumb Code    38  judge.o(.text)
    USART3_IRQHandler                        0x0800686d   Thumb Code   308  judge.o(.text)
    pid_process                              0x080069d9   Thumb Code    64  pid.o(.text)
    pid_process_gai1                         0x08006a19   Thumb Code   104  pid.o(.text)
    buffer_out                               0x08006a89   Thumb Code    30  helper_functions.o(.text)
    buffer_in                                0x08006aa7   Thumb Code    18  helper_functions.o(.text)
    abs                                      0x08006ab9   Thumb Code    14  helper_functions.o(.text)
    wheel_setpoints_adjust                   0x08006ac7   Thumb Code   156  helper_functions.o(.text)
    vsprintf                                 0x08006b65   Thumb Code    32  vsprintf.o(.text)
    __aeabi_memcpy                           0x08006b89   Thumb Code     0  rt_memcpy_v6.o(.text)
    __rt_memcpy                              0x08006b89   Thumb Code   138  rt_memcpy_v6.o(.text)
    _memcpy_lastbytes                        0x08006bef   Thumb Code     0  rt_memcpy_v6.o(.text)
    __use_two_region_memory                  0x08006c13   Thumb Code     2  heapauxi.o(.text)
    __rt_heap_escrow$2region                 0x08006c15   Thumb Code     2  heapauxi.o(.text)
    __rt_heap_expand$2region                 0x08006c17   Thumb Code     2  heapauxi.o(.text)
    _printf_pre_padding                      0x08006c19   Thumb Code    44  _printf_pad.o(.text)
    _printf_post_padding                     0x08006c45   Thumb Code    34  _printf_pad.o(.text)
    _printf_truncate_signed                  0x08006c67   Thumb Code    18  _printf_truncate.o(.text)
    _printf_truncate_unsigned                0x08006c79   Thumb Code    18  _printf_truncate.o(.text)
    _printf_str                              0x08006c8b   Thumb Code    82  _printf_str.o(.text)
    _printf_int_dec                          0x08006cdd   Thumb Code   104  _printf_dec.o(.text)
    _printf_charcount                        0x08006d55   Thumb Code    40  _printf_charcount.o(.text)
    _printf_char_common                      0x08006d87   Thumb Code    32  _printf_char_common.o(.text)
    _sputc                                   0x08006dad   Thumb Code    10  _sputc.o(.text)
    _printf_wctomb                           0x08006db9   Thumb Code   182  _printf_wctomb.o(.text)
    _printf_longlong_dec                     0x08006e75   Thumb Code   108  _printf_longlong_dec.o(.text)
    _printf_longlong_oct                     0x08006ef1   Thumb Code    66  _printf_oct_int_ll.o(.text)
    _printf_int_oct                          0x08006f33   Thumb Code    24  _printf_oct_int_ll.o(.text)
    _printf_ll_oct                           0x08006f4b   Thumb Code    12  _printf_oct_int_ll.o(.text)
    _printf_longlong_hex                     0x08006f61   Thumb Code    86  _printf_hex_int_ll_ptr.o(.text)
    _printf_int_hex                          0x08006fb7   Thumb Code    28  _printf_hex_int_ll_ptr.o(.text)
    _printf_ll_hex                           0x08006fd3   Thumb Code    12  _printf_hex_int_ll_ptr.o(.text)
    _printf_hex_ptr                          0x08006fdf   Thumb Code    18  _printf_hex_int_ll_ptr.o(.text)
    __printf                                 0x08006ff5   Thumb Code   388  __printf_flags_ss_wp.o(.text)
    __aeabi_memcpy4                          0x0800717d   Thumb Code     0  rt_memcpy_w.o(.text)
    __aeabi_memcpy8                          0x0800717d   Thumb Code     0  rt_memcpy_w.o(.text)
    __rt_memcpy_w                            0x0800717d   Thumb Code   100  rt_memcpy_w.o(.text)
    _memcpy_lastbytes_aligned                0x080071c5   Thumb Code     0  rt_memcpy_w.o(.text)
    _ll_udiv10                               0x080071e1   Thumb Code   138  lludiv10.o(.text)
    _printf_int_common                       0x0800726b   Thumb Code   178  _printf_intcommon.o(.text)
    __lib_sel_fp_printf                      0x0800731d   Thumb Code     2  _printf_fp_dec.o(.text)
    _printf_fp_dec_real                      0x080074cb   Thumb Code   620  _printf_fp_dec.o(.text)
    _printf_fp_hex_real                      0x08007739   Thumb Code   756  _printf_fp_hex.o(.text)
    _printf_cs_common                        0x08007a35   Thumb Code    20  _printf_char.o(.text)
    _printf_char                             0x08007a49   Thumb Code    16  _printf_char.o(.text)
    _printf_string                           0x08007a59   Thumb Code     8  _printf_char.o(.text)
    _printf_lcs_common                       0x08007a61   Thumb Code    20  _printf_wchar.o(.text)
    _printf_wchar                            0x08007a75   Thumb Code    16  _printf_wchar.o(.text)
    _printf_wstring                          0x08007a85   Thumb Code     8  _printf_wchar.o(.text)
    _wcrtomb                                 0x08007a8d   Thumb Code    64  _wcrtomb.o(.text)
    __user_setup_stackheap                   0x08007acd   Thumb Code    74  sys_stackheap_outer.o(.text)
    __rt_ctype_table                         0x08007b19   Thumb Code    16  rt_ctype_table.o(.text)
    __rt_locale                              0x08007b29   Thumb Code     8  rt_locale_intlibspace.o(.text)
    _printf_fp_infnan                        0x08007b31   Thumb Code   112  _printf_fp_infnan.o(.text)
    _btod_etento                             0x08007bb1   Thumb Code   216  bigflt0.o(.text)
    exit                                     0x08007c8d   Thumb Code    18  exit.o(.text)
    __user_libspace                          0x08007ca1   Thumb Code     8  libspace.o(.text)
    __user_perproc_libspace                  0x08007ca1   Thumb Code     0  libspace.o(.text)
    __user_perthread_libspace                0x08007ca1   Thumb Code     0  libspace.o(.text)
    strcmp                                   0x08007ca9   Thumb Code   128  strcmpv7m.o(.text)
    _sys_exit                                0x08007d29   Thumb Code     8  sys_exit.o(.text)
    __I$use$semihosting                      0x08007d35   Thumb Code     0  use_no_semi.o(.text)
    __use_no_semihosting_swi                 0x08007d35   Thumb Code     2  use_no_semi.o(.text)
    __semihosting_library_function           0x08007d37   Thumb Code     0  indicate_semi.o(.text)
    _btod_d2e                                0x08007d37   Thumb Code    62  btod.o(CL$$btod_d2e)
    _d2e_denorm_low                          0x08007d75   Thumb Code    70  btod.o(CL$$btod_d2e_denorm_low)
    _d2e_norm_op1                            0x08007dbb   Thumb Code    96  btod.o(CL$$btod_d2e_norm_op1)
    __btod_div_common                        0x08007e1b   Thumb Code   696  btod.o(CL$$btod_div_common)
    _e2e                                     0x08008153   Thumb Code   198  btod.o(CL$$btod_e2e)
    _btod_ediv                               0x08008219   Thumb Code    40  btod.o(CL$$btod_ediv)
    _btod_emul                               0x08008241   Thumb Code    40  btod.o(CL$$btod_emul)
    __btod_mult_common                       0x08008269   Thumb Code   580  btod.o(CL$$btod_mult_common)
    __ARM_fpclassify                         0x080084ad   Thumb Code    48  fpclassify.o(i.__ARM_fpclassify)
    _is_digit                                0x080084dd   Thumb Code    14  __printf_wp.o(i._is_digit)
    _get_lc_numeric                          0x080084ed   Thumb Code    44  lc_numeric_c.o(locale$$code)
    _get_lc_ctype                            0x08008519   Thumb Code    44  lc_ctype_c.o(locale$$code)
    __aeabi_d2f                              0x08008545   Thumb Code     0  d2f.o(x$fpl$d2f)
    _d2f                                     0x08008545   Thumb Code    98  d2f.o(x$fpl$d2f)
    __aeabi_dadd                             0x080085a9   Thumb Code     0  daddsub_clz.o(x$fpl$dadd)
    _dadd                                    0x080085a9   Thumb Code   332  daddsub_clz.o(x$fpl$dadd)
    __aeabi_ddiv                             0x080086f9   Thumb Code     0  ddiv.o(x$fpl$ddiv)
    _ddiv                                    0x080086f9   Thumb Code   552  ddiv.o(x$fpl$ddiv)
    __aeabi_d2iz                             0x080089a9   Thumb Code     0  dfix.o(x$fpl$dfix)
    _dfix                                    0x080089a9   Thumb Code    94  dfix.o(x$fpl$dfix)
    __aeabi_i2d                              0x08008a07   Thumb Code     0  dflt_clz.o(x$fpl$dflt)
    _dflt                                    0x08008a07   Thumb Code    46  dflt_clz.o(x$fpl$dflt)
    __aeabi_dmul                             0x08008a35   Thumb Code     0  dmul.o(x$fpl$dmul)
    _dmul                                    0x08008a35   Thumb Code   332  dmul.o(x$fpl$dmul)
    __fpl_dnaninf                            0x08008b89   Thumb Code   156  dnaninf.o(x$fpl$dnaninf)
    __fpl_dretinf                            0x08008c25   Thumb Code    12  dretinf.o(x$fpl$dretinf)
    __aeabi_dsub                             0x08008c31   Thumb Code     0  daddsub_clz.o(x$fpl$dsub)
    _dsub                                    0x08008c31   Thumb Code   464  daddsub_clz.o(x$fpl$dsub)
    __aeabi_f2d                              0x08008e05   Thumb Code     0  f2d.o(x$fpl$f2d)
    _f2d                                     0x08008e05   Thumb Code    86  f2d.o(x$fpl$f2d)
    __fpl_fnaninf                            0x08008e5b   Thumb Code   140  fnaninf.o(x$fpl$fnaninf)
    _fp_init                                 0x08008ee7   Thumb Code    10  fpinit.o(x$fpl$fpinit)
    __fplib_config_fpu_vfp                   0x08008eef   Thumb Code     0  fpinit.o(x$fpl$fpinit)
    __fplib_config_pureend_doubles           0x08008eef   Thumb Code     0  fpinit.o(x$fpl$fpinit)
    __fpl_fretinf                            0x08008ef1   Thumb Code    10  fretinf.o(x$fpl$fretinf)
    _printf_fp_dec                           0x08008efb   Thumb Code     4  printf1.o(x$fpl$printf1)
    _printf_fp_hex                           0x08008eff   Thumb Code     4  printf2.o(x$fpl$printf2)
    __I$use$fp                               0x08008f02   Number         0  usenofp.o(x$fpl$usenofp)
    PA0                                      0x08008f04   Data           8  gpio.o(.constdata)
    PA1                                      0x08008f0c   Data           8  gpio.o(.constdata)
    PA2                                      0x08008f14   Data           8  gpio.o(.constdata)
    PA3                                      0x08008f1c   Data           8  gpio.o(.constdata)
    PA4                                      0x08008f24   Data           8  gpio.o(.constdata)
    PA5                                      0x08008f2c   Data           8  gpio.o(.constdata)
    PA6                                      0x08008f34   Data           8  gpio.o(.constdata)
    PA7                                      0x08008f3c   Data           8  gpio.o(.constdata)
    PA8                                      0x08008f44   Data           8  gpio.o(.constdata)
    PA9                                      0x08008f4c   Data           8  gpio.o(.constdata)
    PA10                                     0x08008f54   Data           8  gpio.o(.constdata)
    PA11                                     0x08008f5c   Data           8  gpio.o(.constdata)
    PA12                                     0x08008f64   Data           8  gpio.o(.constdata)
    PA13                                     0x08008f6c   Data           8  gpio.o(.constdata)
    PA14                                     0x08008f74   Data           8  gpio.o(.constdata)
    PA15                                     0x08008f7c   Data           8  gpio.o(.constdata)
    PB0                                      0x08008f84   Data           8  gpio.o(.constdata)
    PB1                                      0x08008f8c   Data           8  gpio.o(.constdata)
    PB2                                      0x08008f94   Data           8  gpio.o(.constdata)
    PB3                                      0x08008f9c   Data           8  gpio.o(.constdata)
    PB4                                      0x08008fa4   Data           8  gpio.o(.constdata)
    PB5                                      0x08008fac   Data           8  gpio.o(.constdata)
    PB6                                      0x08008fb4   Data           8  gpio.o(.constdata)
    PB7                                      0x08008fbc   Data           8  gpio.o(.constdata)
    PB8                                      0x08008fc4   Data           8  gpio.o(.constdata)
    PB9                                      0x08008fcc   Data           8  gpio.o(.constdata)
    PB10                                     0x08008fd4   Data           8  gpio.o(.constdata)
    PB11                                     0x08008fdc   Data           8  gpio.o(.constdata)
    PB12                                     0x08008fe4   Data           8  gpio.o(.constdata)
    PB13                                     0x08008fec   Data           8  gpio.o(.constdata)
    PB14                                     0x08008ff4   Data           8  gpio.o(.constdata)
    PB15                                     0x08008ffc   Data           8  gpio.o(.constdata)
    PC0                                      0x08009004   Data           8  gpio.o(.constdata)
    PC1                                      0x0800900c   Data           8  gpio.o(.constdata)
    PC2                                      0x08009014   Data           8  gpio.o(.constdata)
    PC3                                      0x0800901c   Data           8  gpio.o(.constdata)
    PC4                                      0x08009024   Data           8  gpio.o(.constdata)
    PC5                                      0x0800902c   Data           8  gpio.o(.constdata)
    PC6                                      0x08009034   Data           8  gpio.o(.constdata)
    PC7                                      0x0800903c   Data           8  gpio.o(.constdata)
    PC8                                      0x08009044   Data           8  gpio.o(.constdata)
    PC9                                      0x0800904c   Data           8  gpio.o(.constdata)
    PC10                                     0x08009054   Data           8  gpio.o(.constdata)
    PC11                                     0x0800905c   Data           8  gpio.o(.constdata)
    PC12                                     0x08009064   Data           8  gpio.o(.constdata)
    PC13                                     0x0800906c   Data           8  gpio.o(.constdata)
    PC14                                     0x08009074   Data           8  gpio.o(.constdata)
    PC15                                     0x0800907c   Data           8  gpio.o(.constdata)
    PD0                                      0x08009084   Data           8  gpio.o(.constdata)
    PD1                                      0x0800908c   Data           8  gpio.o(.constdata)
    PD2                                      0x08009094   Data           8  gpio.o(.constdata)
    PD3                                      0x0800909c   Data           8  gpio.o(.constdata)
    PD4                                      0x080090a4   Data           8  gpio.o(.constdata)
    PD5                                      0x080090ac   Data           8  gpio.o(.constdata)
    PD6                                      0x080090b4   Data           8  gpio.o(.constdata)
    PD7                                      0x080090bc   Data           8  gpio.o(.constdata)
    PD8                                      0x080090c4   Data           8  gpio.o(.constdata)
    PD9                                      0x080090cc   Data           8  gpio.o(.constdata)
    PD10                                     0x080090d4   Data           8  gpio.o(.constdata)
    PD11                                     0x080090dc   Data           8  gpio.o(.constdata)
    PD12                                     0x080090e4   Data           8  gpio.o(.constdata)
    PD13                                     0x080090ec   Data           8  gpio.o(.constdata)
    PD14                                     0x080090f4   Data           8  gpio.o(.constdata)
    PD15                                     0x080090fc   Data           8  gpio.o(.constdata)
    PE0                                      0x08009104   Data           8  gpio.o(.constdata)
    PE1                                      0x0800910c   Data           8  gpio.o(.constdata)
    PE2                                      0x08009114   Data           8  gpio.o(.constdata)
    PE3                                      0x0800911c   Data           8  gpio.o(.constdata)
    PE4                                      0x08009124   Data           8  gpio.o(.constdata)
    PE5                                      0x0800912c   Data           8  gpio.o(.constdata)
    PE6                                      0x08009134   Data           8  gpio.o(.constdata)
    PE7                                      0x0800913c   Data           8  gpio.o(.constdata)
    PE8                                      0x08009144   Data           8  gpio.o(.constdata)
    PE9                                      0x0800914c   Data           8  gpio.o(.constdata)
    PE10                                     0x08009154   Data           8  gpio.o(.constdata)
    PE11                                     0x0800915c   Data           8  gpio.o(.constdata)
    PE12                                     0x08009164   Data           8  gpio.o(.constdata)
    PE13                                     0x0800916c   Data           8  gpio.o(.constdata)
    PE14                                     0x08009174   Data           8  gpio.o(.constdata)
    PE15                                     0x0800917c   Data           8  gpio.o(.constdata)
    PF0                                      0x08009184   Data           8  gpio.o(.constdata)
    PF1                                      0x0800918c   Data           8  gpio.o(.constdata)
    PF2                                      0x08009194   Data           8  gpio.o(.constdata)
    PF3                                      0x0800919c   Data           8  gpio.o(.constdata)
    PF4                                      0x080091a4   Data           8  gpio.o(.constdata)
    PF5                                      0x080091ac   Data           8  gpio.o(.constdata)
    PF6                                      0x080091b4   Data           8  gpio.o(.constdata)
    PF7                                      0x080091bc   Data           8  gpio.o(.constdata)
    PF8                                      0x080091c4   Data           8  gpio.o(.constdata)
    PF9                                      0x080091cc   Data           8  gpio.o(.constdata)
    PF10                                     0x080091d4   Data           8  gpio.o(.constdata)
    PF11                                     0x080091dc   Data           8  gpio.o(.constdata)
    PF12                                     0x080091e4   Data           8  gpio.o(.constdata)
    PF13                                     0x080091ec   Data           8  gpio.o(.constdata)
    PF14                                     0x080091f4   Data           8  gpio.o(.constdata)
    PF15                                     0x080091fc   Data           8  gpio.o(.constdata)
    PG0                                      0x08009204   Data           8  gpio.o(.constdata)
    PG1                                      0x0800920c   Data           8  gpio.o(.constdata)
    PG2                                      0x08009214   Data           8  gpio.o(.constdata)
    PG3                                      0x0800921c   Data           8  gpio.o(.constdata)
    PG4                                      0x08009224   Data           8  gpio.o(.constdata)
    PG5                                      0x0800922c   Data           8  gpio.o(.constdata)
    PG6                                      0x08009234   Data           8  gpio.o(.constdata)
    PG7                                      0x0800923c   Data           8  gpio.o(.constdata)
    PG8                                      0x08009244   Data           8  gpio.o(.constdata)
    PG9                                      0x0800924c   Data           8  gpio.o(.constdata)
    PG10                                     0x08009254   Data           8  gpio.o(.constdata)
    PG11                                     0x0800925c   Data           8  gpio.o(.constdata)
    PG12                                     0x08009264   Data           8  gpio.o(.constdata)
    PG13                                     0x0800926c   Data           8  gpio.o(.constdata)
    PG14                                     0x08009274   Data           8  gpio.o(.constdata)
    PG15                                     0x0800927c   Data           8  gpio.o(.constdata)
    CRC8_INIT                                0x08009284   Data           1  judge.o(.constdata)
    CRC8_TAB                                 0x08009285   Data         256  judge.o(.constdata)
    wCRC_Table                               0x08009386   Data         512  judge.o(.constdata)
    Region$$Table$$Base                      0x08009684   Number         0  anon$$obj.o(Region$$Table)
    Region$$Table$$Limit                     0x080096a4   Number         0  anon$$obj.o(Region$$Table)
    __ctype                                  0x080096cd   Data           0  lc_ctype_c.o(locale$$data)
    kp                                       0x20001004   Data           4  main.o(.data)
    ki                                       0x20001008   Data           4  main.o(.data)
    kd                                       0x2000100c   Data           4  main.o(.data)
    setpoint_angle                           0x20001010   Data           4  main.o(.data)
    feedback_angle                           0x20001014   Data           4  main.o(.data)
    output_angle_speed                       0x20001018   Data           4  main.o(.data)
    kp_angle                                 0x2000101c   Data           4  main.o(.data)
    ki_angle                                 0x20001020   Data           4  main.o(.data)
    kd_angle                                 0x20001024   Data           4  main.o(.data)
    FILTER_RATE_LIMIT                        0x20001028   Data           4  main.o(.data)
    feedback_current                         0x2000102c   Data           4  main.o(.data)
    feedback_voltage                         0x20001030   Data           4  main.o(.data)
    work_target                              0x20001034   Data           4  main.o(.data)
    Pr                                       0x20001038   Data           4  main.o(.data)
    PL                                       0x2000103c   Data           4  main.o(.data)
    W                                        0x20001040   Data           4  main.o(.data)
    W_int                                    0x20001044   Data           4  main.o(.data)
    work_pid_output                          0x20001048   Data           4  main.o(.data)
    wheel_setpoint_coefficient               0x2000104c   Data           4  main.o(.data)
    kp_power                                 0x20001050   Data           4  main.o(.data)
    ki_power                                 0x20001054   Data           4  main.o(.data)
    kd_power                                 0x20001058   Data           4  main.o(.data)
    SystemCoreClock                          0x2000105c   Data           4  system_stm32f4xx.o(.data)
    AHBPrescTable                            0x20001060   Data          16  system_stm32f4xx.o(.data)
    curr_bg_color                            0x2000208a   Data           2  1.8 tft_display.o(.data)
    curr_text_color                          0x2000208c   Data           2  1.8 tft_display.o(.data)
    curr_text_color_sp                       0x2000208e   Data           2  1.8 tft_display.o(.data)
    tft_orientation                          0x20002090   Data           1  1.8 tft_display.o(.data)
    tft_enabled                              0x20002091   Data           1  1.8 tft_display.o(.data)
    print_pos                                0x20002092   Data           2  1.8 tft_display.o(.data)
    curr_ang_vel                             0x20003094   Data           2  yaw_gyro.o(.data)
    prev_ang_vel                             0x20003096   Data           2  yaw_gyro.o(.data)
    gyro_angle                               0x20003098   Data           4  yaw_gyro.o(.data)
    curr_real_angle                          0x2000309c   Data           2  yaw_gyro.o(.data)
    prev_real_angle                          0x2000309e   Data           2  yaw_gyro.o(.data)
    gyro_cal_result                          0x200030a0   Data           2  yaw_gyro.o(.data)
    gyro_state                               0x200030a2   Data           1  yaw_gyro.o(.data)
    sim1_angle                               0x200030a4   Data           4  yaw_gyro.o(.data)
    sim2_angle                               0x200030a8   Data           4  yaw_gyro.o(.data)
    sim_factor                               0x200030ac   Data           1  yaw_gyro.o(.data)
    sim_before                               0x200030b0   Data           4  yaw_gyro.o(.data)
    sim_now                                  0x200030b4   Data           4  yaw_gyro.o(.data)
    sim_angle                                0x200030b8   Data           4  yaw_gyro.o(.data)
    real_angle                               0x200030bc   Data           2  yaw_gyro.o(.data)
    sim_angle_off                            0x200030be   Data           2  yaw_gyro.o(.data)
    yaw_Kp                                   0x200030c0   Data           4  yaw_gyro.o(.data)
    yaw_Ki                                   0x200030c4   Data           4  yaw_gyro.o(.data)
    yaw_Kd                                   0x200030c8   Data           4  yaw_gyro.o(.data)
    yaw_temp_derivative                      0x200030cc   Data           4  yaw_gyro.o(.data)
    yaw_temp_integral                        0x200030d0   Data           4  yaw_gyro.o(.data)
    yaw_pre_error                            0x200030d4   Data           4  yaw_gyro.o(.data)
    yaw_pid_output_angle                     0x200030d8   Data           4  yaw_gyro.o(.data)
    angle_updated                            0x200030dc   Data           4  yaw_gyro.o(.data)
    old_yaw                                  0x200030e0   Data           4  yaw_gyro.o(.data)
    yaw_turn_time                            0x200030e4   Data           2  yaw_gyro.o(.data)
    output_angle                             0x200030e8   Data           4  yaw_gyro.o(.data)
    connected_timer                          0x200030f4   Data           1  dbus.o(.data)
    UARTtemp                                 0x200030f5   Data           1  dbus.o(.data)
    CRC_INIT                                 0x200030f8   Data           2  judge.o(.data)
    UARTtemp1                                0x200030fa   Data           1  judge.o(.data)
    FT                                       0x200030fc   Data           4  judge.o(.data)
    buffer                                   0x20003100   Data        4800  main.o(.bss)
    states                                   0x200043c0   Data          48  main.o(.bss)
    wheel_setpoints                          0x200043f0   Data          16  main.o(.bss)
    wheel_feedbacks                          0x20004400   Data          16  main.o(.bss)
    wheel_outputs                            0x20004410   Data          16  main.o(.bss)
    state_angle                              0x20004420   Data          12  main.o(.bss)
    work_state                               0x2000442c   Data          12  main.o(.bss)
    text                                     0x20004438   Data         240  1.8 tft_display.o(.bss)
    text_prev                                0x20004528   Data         240  1.8 tft_display.o(.bss)
    text_color                               0x20004618   Data         480  1.8 tft_display.o(.bss)
    text_color_prev                          0x200047f8   Data         480  1.8 tft_display.o(.bss)
    bg_color                                 0x200049d8   Data         480  1.8 tft_display.o(.bss)
    bg_color_prev                            0x20004bb8   Data         480  1.8 tft_display.o(.bss)
    text_bg_color_prev                       0x20004d98   Data         240  1.8 tft_display.o(.bss)
    ADC1_level                               0x20004e88   Data          34  adc.o(.bss)
    CM1Encoder                               0x20004eac   Data          64  canbusprocess.o(.bss)
    CM2Encoder                               0x20004eec   Data          64  canbusprocess.o(.bss)
    CM3Encoder                               0x20004f2c   Data          64  canbusprocess.o(.bss)
    CM4Encoder                               0x20004f6c   Data          64  canbusprocess.o(.bss)
    GMYawEncoder                             0x20004fac   Data          64  canbusprocess.o(.bss)
    GMPitchEncoder                           0x20004fec   Data          64  canbusprocess.o(.bss)
    GMxEncoder                               0x2000502c   Data          64  canbusprocess.o(.bss)
    DBUS_ReceiveData                         0x2000506c   Data          24  dbus.o(.bss)
    LASTDBUS_ReceiveData                     0x20005084   Data          24  dbus.o(.bss)
    DBUSBuffer                               0x2000509c   Data          19  dbus.o(.bss)
    InfantryJudge                            0x200050b0   Data          16  judge.o(.bss)
    JudgeDataBuffer                          0x200050c0   Data         150  judge.o(.bss)
    __libspace_start                         0x20005158   Data          96  libspace.o(.bss)
    __temporary_stack_top$libspace           0x200051b8   Data           0  libspace.o(.bss)



==============================================================================

Memory Map of the image

  Image Entry point : 0x08000189

  Load Region LR_IROM1 (Base: 0x08000000, Size: 0x0000c8d0, Max: 0x00100000, ABSOLUTE, COMPRESSED[0x00009f20])

    Execution Region ER_IROM1 (Base: 0x08000000, Size: 0x000097d0, Max: 0x00100000, ABSOLUTE)

    Base Addr    Size         Type   Attr      Idx    E Section Name        Object

    0x08000000   0x00000188   Data   RO          289    RESET               startup_stm32f40_41xxx.o
    0x08000188   0x00000008   Code   RO         1243  * !!!main             c_w.l(__main.o)
    0x08000190   0x00000034   Code   RO         1602    !!!scatter          c_w.l(__scatter.o)
    0x080001c4   0x00000064   Code   RO         1600    !!dclz77c           c_w.l(__dclz77c.o)
    0x08000228   0x0000001c   Code   RO         1604    !!handler_zi        c_w.l(__scatter_zi.o)
    0x08000244   0x00000000   Code   RO         1353    .ARM.Collect$$_printf_percent$$00000000  c_w.l(_printf_percent.o)
    0x08000244   0x00000006   Code   RO         1342    .ARM.Collect$$_printf_percent$$00000001  c_w.l(_printf_n.o)
    0x0800024a   0x00000006   Code   RO         1344    .ARM.Collect$$_printf_percent$$00000002  c_w.l(_printf_p.o)
    0x08000250   0x00000006   Code   RO         1349    .ARM.Collect$$_printf_percent$$00000003  c_w.l(_printf_f.o)
    0x08000256   0x00000006   Code   RO         1350    .ARM.Collect$$_printf_percent$$00000004  c_w.l(_printf_e.o)
    0x0800025c   0x00000006   Code   RO         1351    .ARM.Collect$$_printf_percent$$00000005  c_w.l(_printf_g.o)
    0x08000262   0x00000006   Code   RO         1352    .ARM.Collect$$_printf_percent$$00000006  c_w.l(_printf_a.o)
    0x08000268   0x0000000a   Code   RO         1357    .ARM.Collect$$_printf_percent$$00000007  c_w.l(_printf_ll.o)
    0x08000272   0x00000006   Code   RO         1346    .ARM.Collect$$_printf_percent$$00000008  c_w.l(_printf_i.o)
    0x08000278   0x00000006   Code   RO         1347    .ARM.Collect$$_printf_percent$$00000009  c_w.l(_printf_d.o)
    0x0800027e   0x00000006   Code   RO         1348    .ARM.Collect$$_printf_percent$$0000000A  c_w.l(_printf_u.o)
    0x08000284   0x00000006   Code   RO         1345    .ARM.Collect$$_printf_percent$$0000000B  c_w.l(_printf_o.o)
    0x0800028a   0x00000006   Code   RO         1343    .ARM.Collect$$_printf_percent$$0000000C  c_w.l(_printf_x.o)
    0x08000290   0x00000006   Code   RO         1354    .ARM.Collect$$_printf_percent$$0000000D  c_w.l(_printf_lli.o)
    0x08000296   0x00000006   Code   RO         1355    .ARM.Collect$$_printf_percent$$0000000E  c_w.l(_printf_lld.o)
    0x0800029c   0x00000006   Code   RO         1356    .ARM.Collect$$_printf_percent$$0000000F  c_w.l(_printf_llu.o)
    0x080002a2   0x00000006   Code   RO         1361    .ARM.Collect$$_printf_percent$$00000010  c_w.l(_printf_llo.o)
    0x080002a8   0x00000006   Code   RO         1362    .ARM.Collect$$_printf_percent$$00000011  c_w.l(_printf_llx.o)
    0x080002ae   0x0000000a   Code   RO         1358    .ARM.Collect$$_printf_percent$$00000012  c_w.l(_printf_l.o)
    0x080002b8   0x00000006   Code   RO         1340    .ARM.Collect$$_printf_percent$$00000013  c_w.l(_printf_c.o)
    0x080002be   0x00000006   Code   RO         1341    .ARM.Collect$$_printf_percent$$00000014  c_w.l(_printf_s.o)
    0x080002c4   0x00000006   Code   RO         1359    .ARM.Collect$$_printf_percent$$00000015  c_w.l(_printf_lc.o)
    0x080002ca   0x00000006   Code   RO         1360    .ARM.Collect$$_printf_percent$$00000016  c_w.l(_printf_ls.o)
    0x080002d0   0x00000004   Code   RO         1412    .ARM.Collect$$_printf_percent$$00000017  c_w.l(_printf_percent_end.o)
    0x080002d4   0x00000002   Code   RO         1461    .ARM.Collect$$libinit$$00000000  c_w.l(libinit.o)
    0x080002d6   0x00000004   Code   RO         1476    .ARM.Collect$$libinit$$00000001  c_w.l(libinit2.o)
    0x080002da   0x00000000   Code   RO         1479    .ARM.Collect$$libinit$$00000004  c_w.l(libinit2.o)
    0x080002da   0x00000000   Code   RO         1482    .ARM.Collect$$libinit$$0000000A  c_w.l(libinit2.o)
    0x080002da   0x00000000   Code   RO         1484    .ARM.Collect$$libinit$$0000000C  c_w.l(libinit2.o)
    0x080002da   0x00000000   Code   RO         1486    .ARM.Collect$$libinit$$0000000E  c_w.l(libinit2.o)
    0x080002da   0x00000006   Code   RO         1487    .ARM.Collect$$libinit$$0000000F  c_w.l(libinit2.o)
    0x080002e0   0x00000000   Code   RO         1489    .ARM.Collect$$libinit$$00000011  c_w.l(libinit2.o)
    0x080002e0   0x0000000c   Code   RO         1490    .ARM.Collect$$libinit$$00000012  c_w.l(libinit2.o)
    0x080002ec   0x00000000   Code   RO         1491    .ARM.Collect$$libinit$$00000013  c_w.l(libinit2.o)
    0x080002ec   0x00000000   Code   RO         1493    .ARM.Collect$$libinit$$00000015  c_w.l(libinit2.o)
    0x080002ec   0x0000000a   Code   RO         1494    .ARM.Collect$$libinit$$00000016  c_w.l(libinit2.o)
    0x080002f6   0x00000000   Code   RO         1495    .ARM.Collect$$libinit$$00000017  c_w.l(libinit2.o)
    0x080002f6   0x00000000   Code   RO         1497    .ARM.Collect$$libinit$$00000019  c_w.l(libinit2.o)
    0x080002f6   0x00000000   Code   RO         1499    .ARM.Collect$$libinit$$0000001B  c_w.l(libinit2.o)
    0x080002f6   0x00000000   Code   RO         1501    .ARM.Collect$$libinit$$0000001D  c_w.l(libinit2.o)
    0x080002f6   0x00000000   Code   RO         1503    .ARM.Collect$$libinit$$0000001F  c_w.l(libinit2.o)
    0x080002f6   0x00000000   Code   RO         1505    .ARM.Collect$$libinit$$00000021  c_w.l(libinit2.o)
    0x080002f6   0x00000000   Code   RO         1507    .ARM.Collect$$libinit$$00000023  c_w.l(libinit2.o)
    0x080002f6   0x00000000   Code   RO         1509    .ARM.Collect$$libinit$$00000025  c_w.l(libinit2.o)
    0x080002f6   0x00000000   Code   RO         1513    .ARM.Collect$$libinit$$0000002C  c_w.l(libinit2.o)
    0x080002f6   0x00000000   Code   RO         1515    .ARM.Collect$$libinit$$0000002E  c_w.l(libinit2.o)
    0x080002f6   0x00000000   Code   RO         1517    .ARM.Collect$$libinit$$00000030  c_w.l(libinit2.o)
    0x080002f6   0x00000000   Code   RO         1519    .ARM.Collect$$libinit$$00000032  c_w.l(libinit2.o)
    0x080002f6   0x00000002   Code   RO         1520    .ARM.Collect$$libinit$$00000033  c_w.l(libinit2.o)
    0x080002f8   0x00000002   Code   RO         1540    .ARM.Collect$$libshutdown$$00000000  c_w.l(libshutdown.o)
    0x080002fa   0x00000000   Code   RO         1553    .ARM.Collect$$libshutdown$$00000002  c_w.l(libshutdown2.o)
    0x080002fa   0x00000000   Code   RO         1555    .ARM.Collect$$libshutdown$$00000004  c_w.l(libshutdown2.o)
    0x080002fa   0x00000000   Code   RO         1558    .ARM.Collect$$libshutdown$$00000007  c_w.l(libshutdown2.o)
    0x080002fa   0x00000000   Code   RO         1561    .ARM.Collect$$libshutdown$$0000000A  c_w.l(libshutdown2.o)
    0x080002fa   0x00000000   Code   RO         1563    .ARM.Collect$$libshutdown$$0000000C  c_w.l(libshutdown2.o)
    0x080002fa   0x00000000   Code   RO         1566    .ARM.Collect$$libshutdown$$0000000F  c_w.l(libshutdown2.o)
    0x080002fa   0x00000002   Code   RO         1567    .ARM.Collect$$libshutdown$$00000010  c_w.l(libshutdown2.o)
    0x080002fc   0x00000000   Code   RO         1271    .ARM.Collect$$rtentry$$00000000  c_w.l(__rtentry.o)
    0x080002fc   0x00000000   Code   RO         1383    .ARM.Collect$$rtentry$$00000002  c_w.l(__rtentry2.o)
    0x080002fc   0x00000006   Code   RO         1395    .ARM.Collect$$rtentry$$00000004  c_w.l(__rtentry4.o)
    0x08000302   0x00000000   Code   RO         1385    .ARM.Collect$$rtentry$$00000009  c_w.l(__rtentry2.o)
    0x08000302   0x00000004   Code   RO         1386    .ARM.Collect$$rtentry$$0000000A  c_w.l(__rtentry2.o)
    0x08000306   0x00000000   Code   RO         1388    .ARM.Collect$$rtentry$$0000000C  c_w.l(__rtentry2.o)
    0x08000306   0x00000008   Code   RO         1389    .ARM.Collect$$rtentry$$0000000D  c_w.l(__rtentry2.o)
    0x0800030e   0x00000002   Code   RO         1469    .ARM.Collect$$rtexit$$00000000  c_w.l(rtexit.o)
    0x08000310   0x00000000   Code   RO         1522    .ARM.Collect$$rtexit$$00000002  c_w.l(rtexit2.o)
    0x08000310   0x00000004   Code   RO         1523    .ARM.Collect$$rtexit$$00000003  c_w.l(rtexit2.o)
    0x08000314   0x00000006   Code   RO         1524    .ARM.Collect$$rtexit$$00000004  c_w.l(rtexit2.o)
    0x0800031a   0x00000024   Code   RO            4    .text               stm32f4xx_it.o
    0x0800033e   0x00000002   PAD
    0x08000340   0x000006f8   Code   RO          151    .text               main.o
    0x08000a38   0x00000210   Code   RO          260    .text               system_stm32f4xx.o
    0x08000c48   0x00000040   Code   RO          290    .text               startup_stm32f40_41xxx.o
    0x08000c88   0x000000e0   Code   RO          297    .text               misc.o
    0x08000d68   0x00000464   Code   RO          347    .text               stm32f4xx_adc.o
    0x080011cc   0x000009f0   Code   RO          371    .text               stm32f4xx_can.o
    0x08001bbc   0x000003a8   Code   RO          419    .text               stm32f4xx_dma.o
    0x08001f64   0x00000294   Code   RO          467    .text               stm32f4xx_gpio.o
    0x080021f8   0x00000480   Code   RO          515    .text               stm32f4xx_spi.o
    0x08002678   0x00000ca2   Code   RO          563    .text               stm32f4xx_tim.o
    0x0800331a   0x00000002   PAD
    0x0800331c   0x00000454   Code   RO          587    .text               stm32f4xx_usart.o
    0x08003770   0x0000065c   Code   RO          611    .text               stm32f4xx_rcc.o
    0x08003dcc   0x000002bc   Code   RO          671    .text               gpio.o
    0x08004088   0x000000cc   Code   RO          701    .text               ticks.o
    0x08004154   0x00000180   Code   RO          731    .text               pwm.o
    0x080042d4   0x00000200   Code   RO          758    .text               timer.o
    0x080044d4   0x00000064   Code   RO          813    .text               led.o
    0x08004538   0x00000e7c   Code   RO          866    .text               1.8 tft_display.o
    0x080053b4   0x000007a0   Code   RO          941    .text               yaw_gyro.o
    0x08005b54   0x00000148   Code   RO          976    .text               adc.o
    0x08005c9c   0x00000130   Code   RO         1011    .text               encoder.o
    0x08005dcc   0x00000080   Code   RO         1037    .text               pneumatic.o
    0x08005e4c   0x00000154   Code   RO         1061    .text               can1.o
    0x08005fa0   0x00000150   Code   RO         1089    .text               can2.o
    0x080060f0   0x000002ac   Code   RO         1116    .text               canbusprocess.o
    0x0800639c   0x000002a0   Code   RO         1151    .text               dbus.o
    0x0800663c   0x0000039c   Code   RO         1182    .text               judge.o
    0x080069d8   0x000000b0   Code   RO         1211    .text               pid.o
    0x08006a88   0x000000da   Code   RO         1223    .text               helper_functions.o
    0x08006b62   0x00000002   PAD
    0x08006b64   0x00000024   Code   RO         1237    .text               c_w.l(vsprintf.o)
    0x08006b88   0x0000008a   Code   RO         1239    .text               c_w.l(rt_memcpy_v6.o)
    0x08006c12   0x00000006   Code   RO         1241    .text               c_w.l(heapauxi.o)
    0x08006c18   0x0000004e   Code   RO         1274    .text               c_w.l(_printf_pad.o)
    0x08006c66   0x00000024   Code   RO         1276    .text               c_w.l(_printf_truncate.o)
    0x08006c8a   0x00000052   Code   RO         1278    .text               c_w.l(_printf_str.o)
    0x08006cdc   0x00000078   Code   RO         1280    .text               c_w.l(_printf_dec.o)
    0x08006d54   0x00000028   Code   RO         1282    .text               c_w.l(_printf_charcount.o)
    0x08006d7c   0x00000030   Code   RO         1284    .text               c_w.l(_printf_char_common.o)
    0x08006dac   0x0000000a   Code   RO         1286    .text               c_w.l(_sputc.o)
    0x08006db6   0x00000002   PAD
    0x08006db8   0x000000bc   Code   RO         1288    .text               c_w.l(_printf_wctomb.o)
    0x08006e74   0x0000007c   Code   RO         1291    .text               c_w.l(_printf_longlong_dec.o)
    0x08006ef0   0x00000070   Code   RO         1297    .text               c_w.l(_printf_oct_int_ll.o)
    0x08006f60   0x00000094   Code   RO         1317    .text               c_w.l(_printf_hex_int_ll_ptr.o)
    0x08006ff4   0x00000188   Code   RO         1337    .text               c_w.l(__printf_flags_ss_wp.o)
    0x0800717c   0x00000064   Code   RO         1363    .text               c_w.l(rt_memcpy_w.o)
    0x080071e0   0x0000008a   Code   RO         1397    .text               c_w.l(lludiv10.o)
    0x0800726a   0x000000b2   Code   RO         1399    .text               c_w.l(_printf_intcommon.o)
    0x0800731c   0x0000041a   Code   RO         1401    .text               c_w.l(_printf_fp_dec.o)
    0x08007736   0x00000002   PAD
    0x08007738   0x000002fc   Code   RO         1403    .text               c_w.l(_printf_fp_hex.o)
    0x08007a34   0x0000002c   Code   RO         1408    .text               c_w.l(_printf_char.o)
    0x08007a60   0x0000002c   Code   RO         1410    .text               c_w.l(_printf_wchar.o)
    0x08007a8c   0x00000040   Code   RO         1413    .text               c_w.l(_wcrtomb.o)
    0x08007acc   0x0000004a   Code   RO         1415    .text               c_w.l(sys_stackheap_outer.o)
    0x08007b16   0x00000002   PAD
    0x08007b18   0x00000010   Code   RO         1417    .text               c_w.l(rt_ctype_table.o)
    0x08007b28   0x00000008   Code   RO         1422    .text               c_w.l(rt_locale_intlibspace.o)
    0x08007b30   0x00000080   Code   RO         1424    .text               c_w.l(_printf_fp_infnan.o)
    0x08007bb0   0x000000dc   Code   RO         1426    .text               c_w.l(bigflt0.o)
    0x08007c8c   0x00000012   Code   RO         1454    .text               c_w.l(exit.o)
    0x08007c9e   0x00000002   PAD
    0x08007ca0   0x00000008   Code   RO         1466    .text               c_w.l(libspace.o)
    0x08007ca8   0x00000080   Code   RO         1474    .text               c_w.l(strcmpv7m.o)
    0x08007d28   0x0000000c   Code   RO         1532    .text               c_w.l(sys_exit.o)
    0x08007d34   0x00000002   Code   RO         1543    .text               c_w.l(use_no_semi.o)
    0x08007d36   0x00000000   Code   RO         1545    .text               c_w.l(indicate_semi.o)
    0x08007d36   0x0000003e   Code   RO         1429    CL$$btod_d2e        c_w.l(btod.o)
    0x08007d74   0x00000046   Code   RO         1431    CL$$btod_d2e_denorm_low  c_w.l(btod.o)
    0x08007dba   0x00000060   Code   RO         1430    CL$$btod_d2e_norm_op1  c_w.l(btod.o)
    0x08007e1a   0x00000338   Code   RO         1439    CL$$btod_div_common  c_w.l(btod.o)
    0x08008152   0x000000c6   Code   RO         1436    CL$$btod_e2e        c_w.l(btod.o)
    0x08008218   0x00000028   Code   RO         1433    CL$$btod_ediv       c_w.l(btod.o)
    0x08008240   0x00000028   Code   RO         1432    CL$$btod_emul       c_w.l(btod.o)
    0x08008268   0x00000244   Code   RO         1438    CL$$btod_mult_common  c_w.l(btod.o)
    0x080084ac   0x00000030   Code   RO         1464    i.__ARM_fpclassify  m_wm.l(fpclassify.o)
    0x080084dc   0x0000000e   Code   RO         1330    i._is_digit         c_w.l(__printf_wp.o)
    0x080084ea   0x00000002   PAD
    0x080084ec   0x0000002c   Code   RO         1452    locale$$code        c_w.l(lc_numeric_c.o)
    0x08008518   0x0000002c   Code   RO         1472    locale$$code        c_w.l(lc_ctype_c.o)
    0x08008544   0x00000062   Code   RO         1245    x$fpl$d2f           fz_wm.l(d2f.o)
    0x080085a6   0x00000002   PAD
    0x080085a8   0x00000150   Code   RO         1247    x$fpl$dadd          fz_wm.l(daddsub_clz.o)
    0x080086f8   0x000002b0   Code   RO         1254    x$fpl$ddiv          fz_wm.l(ddiv.o)
    0x080089a8   0x0000005e   Code   RO         1257    x$fpl$dfix          fz_wm.l(dfix.o)
    0x08008a06   0x0000002e   Code   RO         1262    x$fpl$dflt          fz_wm.l(dflt_clz.o)
    0x08008a34   0x00000154   Code   RO         1267    x$fpl$dmul          fz_wm.l(dmul.o)
    0x08008b88   0x0000009c   Code   RO         1365    x$fpl$dnaninf       fz_wm.l(dnaninf.o)
    0x08008c24   0x0000000c   Code   RO         1367    x$fpl$dretinf       fz_wm.l(dretinf.o)
    0x08008c30   0x000001d4   Code   RO         1249    x$fpl$dsub          fz_wm.l(daddsub_clz.o)
    0x08008e04   0x00000056   Code   RO         1269    x$fpl$f2d           fz_wm.l(f2d.o)
    0x08008e5a   0x0000008c   Code   RO         1369    x$fpl$fnaninf       fz_wm.l(fnaninf.o)
    0x08008ee6   0x0000000a   Code   RO         1530    x$fpl$fpinit        fz_wm.l(fpinit.o)
    0x08008ef0   0x0000000a   Code   RO         1371    x$fpl$fretinf       fz_wm.l(fretinf.o)
    0x08008efa   0x00000004   Code   RO         1373    x$fpl$printf1       fz_wm.l(printf1.o)
    0x08008efe   0x00000004   Code   RO         1375    x$fpl$printf2       fz_wm.l(printf2.o)
    0x08008f02   0x00000000   Code   RO         1381    x$fpl$usenofp       fz_wm.l(usenofp.o)
    0x08008f02   0x00000002   PAD
    0x08008f04   0x00000380   Data   RO          672    .constdata          gpio.o
    0x08009284   0x00000302   Data   RO         1184    .constdata          judge.o
    0x08009586   0x00000002   PAD
    0x08009588   0x00000008   Data   RO         1289    .constdata          c_w.l(_printf_wctomb.o)
    0x08009590   0x00000028   Data   RO         1318    .constdata          c_w.l(_printf_hex_int_ll_ptr.o)
    0x080095b8   0x00000011   Data   RO         1338    .constdata          c_w.l(__printf_flags_ss_wp.o)
    0x080095c9   0x00000026   Data   RO         1404    .constdata          c_w.l(_printf_fp_hex.o)
    0x080095ef   0x00000001   PAD
    0x080095f0   0x00000094   Data   RO         1427    .constdata          c_w.l(bigflt0.o)
    0x08009684   0x00000020   Data   RO         1598    Region$$Table       anon$$obj.o
    0x080096a4   0x0000001c   Data   RO         1451    locale$$data        c_w.l(lc_numeric_c.o)
    0x080096c0   0x00000110   Data   RO         1471    locale$$data        c_w.l(lc_ctype_c.o)


    Execution Region RW_IRAM1 (Base: 0x20000000, Size: 0x000057b8, Max: 0x00020000, ABSOLUTE, COMPRESSED[0x00000750])

    Base Addr    Size         Type   Attr      Idx    E Section Name        Object

    0x20000000   0x0000105c   Data   RW          153    .data               main.o
    0x2000105c   0x00000014   Data   RW          261    .data               system_stm32f4xx.o
    0x20001070   0x00000010   Data   RW          612    .data               stm32f4xx_rcc.o
    0x20001080   0x00000008   Data   RW          702    .data               ticks.o
    0x20001088   0x00000001   Data   RW          814    .data               led.o
    0x20001089   0x00000001   PAD
    0x2000108a   0x0000100a   Data   RW          868    .data               1.8 tft_display.o
    0x20002094   0x00001058   Data   RW          942    .data               yaw_gyro.o
    0x200030ec   0x00000002   Data   RW         1012    .data               encoder.o
    0x200030ee   0x00000002   PAD
    0x200030f0   0x00000004   Data   RW         1118    .data               canbusprocess.o
    0x200030f4   0x00000002   Data   RW         1153    .data               dbus.o
    0x200030f6   0x00000002   PAD
    0x200030f8   0x00000008   Data   RW         1185    .data               judge.o
    0x20003100   0x00001338   Zero   RW          152    .bss                main.o
    0x20004438   0x00000a50   Zero   RW          867    .bss                1.8 tft_display.o
    0x20004e88   0x00000022   Zero   RW          977    .bss                adc.o
    0x20004eaa   0x00000002   PAD
    0x20004eac   0x000001c0   Zero   RW         1117    .bss                canbusprocess.o
    0x2000506c   0x00000043   Zero   RW         1152    .bss                dbus.o
    0x200050af   0x00000001   PAD
    0x200050b0   0x000000a6   Zero   RW         1183    .bss                judge.o
    0x20005156   0x00000002   PAD
    0x20005158   0x00000060   Zero   RW         1467    .bss                c_w.l(libspace.o)
    0x200051b8   0x00000200   Zero   RW          288    HEAP                startup_stm32f40_41xxx.o
    0x200053b8   0x00000400   Zero   RW          287    STACK               startup_stm32f40_41xxx.o


==============================================================================

Image component sizes


      Code (inc. data)   RO Data    RW Data    ZI Data      Debug   Object Name

      3708        144          0       4106       2640      10099   1.8 tft_display.o
       328         26          0          0         34       2557   adc.o
         0          0          0          0          0       2464   buzzer.o
       340         12          0          0          0       1072   can1.o
       336          8          0          0          0       1064   can2.o
       684         52          0          4        448       4006   canbusprocess.o
       672         36          0          2         67       2951   dbus.o
       304         22          0          2          0       1647   encoder.o
       700         20        896          0          0       6148   gpio.o
       218          0          0          0          0       1982   helper_functions.o
       924         56        770          8        166       4806   judge.o
       100         10          0          1          0       1284   led.o
      1784        238          0       4188       4920       4422   main.o
       224         20          0          0          0     253117   misc.o
       176          8          0          0          0       1587   pid.o
       128         20          0          0          0        751   pneumatic.o
       384         36          0          0          0       1757   pwm.o
        64         26        392          0       1536        852   startup_stm32f40_41xxx.o
      1124         24          0          0          0      10718   stm32f4xx_adc.o
      2544         38          0          0          0       8180   stm32f4xx_can.o
       936         32          0          0          0       6429   stm32f4xx_dma.o
       660         44          0          0          0       4193   stm32f4xx_gpio.o
        36          0          0          0          0     311974   stm32f4xx_it.o
      1628         52          0         16          0      13080   stm32f4xx_rcc.o
      1152         36          0          0          0       6941   stm32f4xx_spi.o
      3234         60          0          0          0      23048   stm32f4xx_tim.o
      1108         34          0          0          0       7916   stm32f4xx_usart.o
       528         46          0         20          0       1827   system_stm32f4xx.o
       204         26          0          8          0      28321   ticks.o
       512         52          0          0          0       1911   timer.o
      1952        144          0       4184          0       7266   yaw_gyro.o

    ----------------------------------------------------------------------
     26698       1322       2092      12544       9816     734370   Object Totals
         0          0         32          0          0          0   (incl. Generated)
         6          0          2          5          5          0   (incl. Padding)

    ----------------------------------------------------------------------

      Code (inc. data)   RO Data    RW Data    ZI Data      Debug   Library Member Name

       100          0          0          0          0          0   __dclz77c.o
         8          0          0          0          0         68   __main.o
       392          4         17          0          0         92   __printf_flags_ss_wp.o
        14          0          0          0          0         68   __printf_wp.o
         0          0          0          0          0          0   __rtentry.o
        12          0          0          0          0          0   __rtentry2.o
         6          0          0          0          0          0   __rtentry4.o
        52          8          0          0          0          0   __scatter.o
        28          0          0          0          0          0   __scatter_zi.o
         6          0          0          0          0          0   _printf_a.o
         6          0          0          0          0          0   _printf_c.o
        44          0          0          0          0        108   _printf_char.o
        48          6          0          0          0         96   _printf_char_common.o
        40          0          0          0          0         68   _printf_charcount.o
         6          0          0          0          0          0   _printf_d.o
       120         16          0          0          0         92   _printf_dec.o
         6          0          0          0          0          0   _printf_e.o
         6          0          0          0          0          0   _printf_f.o
      1050          0          0          0          0        216   _printf_fp_dec.o
       764          8         38          0          0        100   _printf_fp_hex.o
       128         16          0          0          0         84   _printf_fp_infnan.o
         6          0          0          0          0          0   _printf_g.o
       148          4         40          0          0        160   _printf_hex_int_ll_ptr.o
         6          0          0          0          0          0   _printf_i.o
       178          0          0          0          0         88   _printf_intcommon.o
        10          0          0          0          0          0   _printf_l.o
         6          0          0          0          0          0   _printf_lc.o
        10          0          0          0          0          0   _printf_ll.o
         6          0          0          0          0          0   _printf_lld.o
         6          0          0          0          0          0   _printf_lli.o
         6          0          0          0          0          0   _printf_llo.o
         6          0          0          0          0          0   _printf_llu.o
         6          0          0          0          0          0   _printf_llx.o
       124         16          0          0          0         92   _printf_longlong_dec.o
         6          0          0          0          0          0   _printf_ls.o
         6          0          0          0          0          0   _printf_n.o
         6          0          0          0          0          0   _printf_o.o
       112         10          0          0          0        124   _printf_oct_int_ll.o
         6          0          0          0          0          0   _printf_p.o
        78          0          0          0          0        108   _printf_pad.o
         0          0          0          0          0          0   _printf_percent.o
         4          0          0          0          0          0   _printf_percent_end.o
         6          0          0          0          0          0   _printf_s.o
        82          0          0          0          0         80   _printf_str.o
        36          0          0          0          0         84   _printf_truncate.o
         6          0          0          0          0          0   _printf_u.o
        44          0          0          0          0        108   _printf_wchar.o
       188          6          8          0          0         92   _printf_wctomb.o
         6          0          0          0          0          0   _printf_x.o
        10          0          0          0          0         68   _sputc.o
        64          0          0          0          0         92   _wcrtomb.o
       220          4        148          0          0         96   bigflt0.o
      1910        128          0          0          0        672   btod.o
        18          0          0          0          0         80   exit.o
         6          0          0          0          0        152   heapauxi.o
         0          0          0          0          0          0   indicate_semi.o
        44         10        272          0          0         76   lc_ctype_c.o
        44         10         28          0          0         76   lc_numeric_c.o
         2          0          0          0          0          0   libinit.o
        34          0          0          0          0          0   libinit2.o
         2          0          0          0          0          0   libshutdown.o
         2          0          0          0          0          0   libshutdown2.o
         8          4          0          0         96         68   libspace.o
       138          0          0          0          0         80   lludiv10.o
        16          4          0          0          0         76   rt_ctype_table.o
         8          4          0          0          0         68   rt_locale_intlibspace.o
       138          0          0          0          0         68   rt_memcpy_v6.o
       100          0          0          0          0         80   rt_memcpy_w.o
         2          0          0          0          0          0   rtexit.o
        10          0          0          0          0          0   rtexit2.o
       128          0          0          0          0         68   strcmpv7m.o
        12          4          0          0          0         68   sys_exit.o
        74          0          0          0          0         80   sys_stackheap_outer.o
         2          0          0          0          0         68   use_no_semi.o
        36          4          0          0          0         76   vsprintf.o
        98          4          0          0          0        140   d2f.o
       804         16          0          0          0        368   daddsub_clz.o
       688        140          0          0          0        256   ddiv.o
        94          4          0          0          0        140   dfix.o
        46          0          0          0          0        116   dflt_clz.o
       340         12          0          0          0        152   dmul.o
       156          4          0          0          0        140   dnaninf.o
        12          0          0          0          0        116   dretinf.o
        86          4          0          0          0        132   f2d.o
       140          4          0          0          0        132   fnaninf.o
        10          0          0          0          0        116   fpinit.o
        10          0          0          0          0        116   fretinf.o
         4          0          0          0          0        116   printf1.o
         4          0          0          0          0        116   printf2.o
         0          0          0          0          0          0   usenofp.o
        48          0          0          0          0        124   fpclassify.o

    ----------------------------------------------------------------------
      9522        454        552          0         96       6320   Library Totals
        14          0          1          0          0          0   (incl. Padding)

    ----------------------------------------------------------------------

      Code (inc. data)   RO Data    RW Data    ZI Data      Debug   Library Name

      6968        266        551          0         96       4040   c_w.l
      2492        188          0          0          0       2156   fz_wm.l
        48          0          0          0          0        124   m_wm.l

    ----------------------------------------------------------------------
      9522        454        552          0         96       6320   Library Totals

    ----------------------------------------------------------------------

==============================================================================


      Code (inc. data)   RO Data    RW Data    ZI Data      Debug   

     36220       1776       2644      12544       9912     730306   Grand Totals
     36220       1776       2644       1872       9912     730306   ELF Image Totals (compressed)
     36220       1776       2644       1872          0          0   ROM Totals

==============================================================================

    Total RO  Size (Code + RO Data)                38864 (  37.95kB)
    Total RW  Size (RW Data + ZI Data)             22456 (  21.93kB)
    Total ROM Size (Code + RO Data + RW Data)      40736 (  39.78kB)

==============================================================================

