Component: ARM Compiler 5.06 update 3 (build 300) Tool: armlink [4d35c9]

==============================================================================

Section Cross References

    stm32f4xx_it.o(.text) refers to ticks.o(.text) for TimeTick_Decrement
    main.o(.text) refers to ticks.o(.text) for SysTick_Init
    main.o(.text) refers to dbus.o(.text) for Dbus_init
    main.o(.text) refers to 1.8 tft_display.o(.text) for tft_init
    main.o(.text) refers to led.o(.text) for LED_master_init
    main.o(.text) refers to yaw_gyro.o(.text) for gyro_init
    main.o(.text) refers to adc.o(.text) for ADC1_init
    main.o(.text) refers to judge.o(.text) for judging_system_init
    main.o(.text) refers to pneumatic.o(.text) for pneumatic_init
    main.o(.text) refers to can1.o(.text) for CAN1_Configuration
    main.o(.text) refers to can2.o(.text) for CAN2_Configuration
    main.o(.text) refers to encoder.o(.text) for Quad_Encoder_Configuration
    main.o(.text) refers to pwm.o(.text) for Friction_wheel_init
    main.o(.text) refers to pid.o(.text) for incPIDinit
    main.o(.text) refers to f2d.o(x$fpl$f2d) for __aeabi_f2d
    main.o(.text) refers to dmul.o(x$fpl$dmul) for __aeabi_dmul
    main.o(.text) refers to daddsub_clz.o(x$fpl$dsub) for __aeabi_dsub
    main.o(.text) refers to d2f.o(x$fpl$d2f) for __aeabi_d2f
    main.o(.text) refers to main.o(.bss) for buffer
    main.o(.text) refers to main.o(.data) for ticks_msimg
    main.o(.text) refers to dbus.o(.bss) for DBUS_ReceiveData
    main.o(.text) refers to judge.o(.bss) for InfantryJudge
    main.o(.text) refers to yaw_gyro.o(.data) for output_angle
    main.o(.text) refers to helper_functions.o(.text) for buffer_in
    main.o(.text) refers to canbusprocess.o(.text) for Set_CM_Speed
    main.o(.text) refers to canbusprocess.o(.bss) for CM1Encoder
    system_stm32f4xx.o(.text) refers to system_stm32f4xx.o(.data) for SystemCoreClock
    startup_stm32f40_41xxx.o(STACK) refers (Special) to heapauxi.o(.text) for __use_two_region_memory
    startup_stm32f40_41xxx.o(HEAP) refers (Special) to heapauxi.o(.text) for __use_two_region_memory
    startup_stm32f40_41xxx.o(RESET) refers (Special) to heapauxi.o(.text) for __use_two_region_memory
    startup_stm32f40_41xxx.o(RESET) refers to startup_stm32f40_41xxx.o(STACK) for __initial_sp
    startup_stm32f40_41xxx.o(RESET) refers to startup_stm32f40_41xxx.o(.text) for Reset_Handler
    startup_stm32f40_41xxx.o(RESET) refers to stm32f4xx_it.o(.text) for NMI_Handler
    startup_stm32f40_41xxx.o(RESET) refers to can1.o(.text) for CAN1_TX_IRQHandler
    startup_stm32f40_41xxx.o(RESET) refers to dbus.o(.text) for USART1_IRQHandler
    startup_stm32f40_41xxx.o(RESET) refers to judge.o(.text) for USART3_IRQHandler
    startup_stm32f40_41xxx.o(RESET) refers to yaw_gyro.o(.text) for TIM5_IRQHandler
    startup_stm32f40_41xxx.o(RESET) refers to can2.o(.text) for CAN2_TX_IRQHandler
    startup_stm32f40_41xxx.o(.text) refers (Special) to heapauxi.o(.text) for __use_two_region_memory
    startup_stm32f40_41xxx.o(.text) refers to system_stm32f4xx.o(.text) for SystemInit
    startup_stm32f40_41xxx.o(.text) refers to __main.o(!!!main) for __main
    startup_stm32f40_41xxx.o(.text) refers to startup_stm32f40_41xxx.o(HEAP) for Heap_Mem
    startup_stm32f40_41xxx.o(.text) refers to startup_stm32f40_41xxx.o(STACK) for Stack_Mem
    stm32f4xx_adc.o(.text) refers to stm32f4xx_rcc.o(.text) for RCC_APB2PeriphResetCmd
    stm32f4xx_can.o(.text) refers to stm32f4xx_rcc.o(.text) for RCC_APB1PeriphResetCmd
    stm32f4xx_gpio.o(.text) refers to stm32f4xx_rcc.o(.text) for RCC_AHB1PeriphResetCmd
    stm32f4xx_i2c.o(.text) refers to stm32f4xx_rcc.o(.text) for RCC_APB1PeriphResetCmd
    stm32f4xx_spi.o(.text) refers to stm32f4xx_rcc.o(.text) for RCC_APB2PeriphResetCmd
    stm32f4xx_syscfg.o(.text) refers to stm32f4xx_rcc.o(.text) for RCC_APB2PeriphResetCmd
    stm32f4xx_tim.o(.text) refers to stm32f4xx_rcc.o(.text) for RCC_APB2PeriphResetCmd
    stm32f4xx_usart.o(.text) refers to stm32f4xx_rcc.o(.text) for RCC_APB2PeriphResetCmd
    stm32f4xx_rcc.o(.text) refers to stm32f4xx_rcc.o(.data) for APBAHBPrescTable
    buzzer.o(.text) refers to stm32f4xx_tim.o(.text) for TIM_SetCompare3
    buzzer.o(.text) refers to gpio.o(.text) for timer_gpio_init
    buzzer.o(.text) refers to timer.o(.text) for timer_init
    buzzer.o(.text) refers to buzzer.o(.bss) for NOTE0_PERIOD
    buzzer.o(.text) refers to buzzer.o(.data) for i
    buzzer.o(.text) refers to gpio.o(.constdata) for PB1
    buzzer.o(.text) refers to system_stm32f4xx.o(.data) for SystemCoreClock
    gpio.o(.text) refers to stm32f4xx_gpio.o(.text) for GPIO_PinAFConfig
    gpio.o(.text) refers to stm32f4xx_rcc.o(.text) for RCC_AHB1PeriphClockCmd
    gpio.o(.text) refers to gpio.o(.constdata) for PA15
    ticks.o(.text) refers to system_stm32f4xx.o(.data) for SystemCoreClock
    ticks.o(.text) refers to ticks.o(.data) for sysTickDownCounter
    pwm.o(.text) refers to gpio.o(.text) for timer_gpio_init
[...]
    GPIO_Init                                0x080022e5   Thumb Code   144  stm32f4xx_gpio.o(.text)
    GPIO_StructInit                          0x08002375   Thumb Code    18  stm32f4xx_gpio.o(.text)
    GPIO_PinLockConfig                       0x08002387   Thumb Code    34  stm32f4xx_gpio.o(.text)
    GPIO_ReadInputDataBit                    0x080023a9   Thumb Code    18  stm32f4xx_gpio.o(.text)
    GPIO_ReadInputData                       0x080023bb   Thumb Code     8  stm32f4xx_gpio.o(.text)
    GPIO_ReadOutputDataBit                   0x080023c3   Thumb Code    18  stm32f4xx_gpio.o(.text)
    GPIO_ReadOutputData                      0x080023d5   Thumb Code     8  stm32f4xx_gpio.o(.text)
    GPIO_SetBits                             0x080023dd   Thumb Code     4  stm32f4xx_gpio.o(.text)
    GPIO_ResetBits                           0x080023e1   Thumb Code     4  stm32f4xx_gpio.o(.text)
    GPIO_WriteBit                            0x080023e5   Thumb Code    10  stm32f4xx_gpio.o(.text)
    GPIO_Write                               0x080023ef   Thumb Code     4  stm32f4xx_gpio.o(.text)
    GPIO_ToggleBits                          0x080023f3   Thumb Code     8  stm32f4xx_gpio.o(.text)
    GPIO_PinAFConfig                         0x080023fb   Thumb Code    70  stm32f4xx_gpio.o(.text)
    SPI_I2S_DeInit                           0x0800246d   Thumb Code   152  stm32f4xx_spi.o(.text)
    SPI_Init                                 0x08002505   Thumb Code    60  stm32f4xx_spi.o(.text)
    I2S_Init                                 0x08002541   Thumb Code   396  stm32f4xx_spi.o(.text)
    SPI_StructInit                           0x080026cd   Thumb Code    24  stm32f4xx_spi.o(.text)
    I2S_StructInit                           0x080026e5   Thumb Code    20  stm32f4xx_spi.o(.text)
    SPI_Cmd                                  0x080026f9   Thumb Code    24  stm32f4xx_spi.o(.text)
    I2S_Cmd                                  0x08002711   Thumb Code    24  stm32f4xx_spi.o(.text)
    SPI_DataSizeConfig                       0x08002729   Thumb Code    18  stm32f4xx_spi.o(.text)
    SPI_BiDirectionalLineConfig              0x0800273b   Thumb Code    28  stm32f4xx_spi.o(.text)
    SPI_NSSInternalSoftwareConfig            0x08002757   Thumb Code    30  stm32f4xx_spi.o(.text)
    SPI_SSOutputCmd                          0x08002775   Thumb Code    24  stm32f4xx_spi.o(.text)
    SPI_TIModeCmd                            0x0800278d   Thumb Code    24  stm32f4xx_spi.o(.text)
    I2S_FullDuplexConfig                     0x080027a5   Thumb Code    80  stm32f4xx_spi.o(.text)
    SPI_I2S_ReceiveData                      0x080027f5   Thumb Code     6  stm32f4xx_spi.o(.text)
    SPI_I2S_SendData                         0x080027fb   Thumb Code     4  stm32f4xx_spi.o(.text)
    SPI_CalculateCRC                         0x080027ff   Thumb Code    24  stm32f4xx_spi.o(.text)
    SPI_TransmitCRC                          0x08002817   Thumb Code    10  stm32f4xx_spi.o(.text)
    SPI_GetCRC                               0x08002821   Thumb Code    16  stm32f4xx_spi.o(.text)
    SPI_GetCRCPolynomial                     0x08002831   Thumb Code     6  stm32f4xx_spi.o(.text)
    SPI_I2S_DMACmd                           0x08002837   Thumb Code    18  stm32f4xx_spi.o(.text)
    SPI_I2S_ITConfig                         0x08002849   Thumb Code    68  stm32f4xx_spi.o(.text)
    SPI_I2S_GetFlagStatus                    0x0800288d   Thumb Code    18  stm32f4xx_spi.o(.text)
    SPI_I2S_ClearFlag                        0x0800289f   Thumb Code     6  stm32f4xx_spi.o(.text)
    SPI_I2S_GetITStatus                      0x080028a5   Thumb Code    52  stm32f4xx_spi.o(.text)
    SPI_I2S_ClearITPendingBit                0x080028d9   Thumb Code    20  stm32f4xx_spi.o(.text)
    TIM_DeInit                               0x080028ed   Thumb Code   346  stm32f4xx_tim.o(.text)
    TIM_TimeBaseInit                         0x08002a47   Thumb Code   104  stm32f4xx_tim.o(.text)
    TIM_TimeBaseStructInit                   0x08002aaf   Thumb Code    18  stm32f4xx_tim.o(.text)
    TIM_PrescalerConfig                      0x08002ac1   Thumb Code     6  stm32f4xx_tim.o(.text)
    TIM_CounterModeConfig                    0x08002ac7   Thumb Code    18  stm32f4xx_tim.o(.text)
    TIM_SetCounter                           0x08002ad9   Thumb Code     4  stm32f4xx_tim.o(.text)
    TIM_SetAutoreload                        0x08002add   Thumb Code     4  stm32f4xx_tim.o(.text)
    TIM_GetCounter                           0x08002ae1   Thumb Code     6  stm32f4xx_tim.o(.text)
    TIM_GetPrescaler                         0x08002ae7   Thumb Code     6  stm32f4xx_tim.o(.text)
    TIM_UpdateDisableConfig                  0x08002aed   Thumb Code    24  stm32f4xx_tim.o(.text)
    TIM_UpdateRequestConfig                  0x08002b05   Thumb Code    24  stm32f4xx_tim.o(.text)
    TIM_ARRPreloadConfig                     0x08002b1d   Thumb Code    24  stm32f4xx_tim.o(.text)
    TIM_SelectOnePulseMode                   0x08002b35   Thumb Code    18  stm32f4xx_tim.o(.text)
    TIM_SetClockDivision                     0x08002b47   Thumb Code    18  stm32f4xx_tim.o(.text)
    TIM_Cmd                                  0x08002b59   Thumb Code    24  stm32f4xx_tim.o(.text)
    TIM_OC1Init                              0x08002b71   Thumb Code   114  stm32f4xx_tim.o(.text)
    TIM_OC2Init                              0x08002be3   Thumb Code   154  stm32f4xx_tim.o(.text)
    TIM_OC3Init                              0x08002c7d   Thumb Code   204  stm32f4xx_tim.o(.text)
    TIM_OC4Init                              0x08002d49   Thumb Code   112  stm32f4xx_tim.o(.text)
    TIM_OCStructInit                         0x08002db9   Thumb Code    20  stm32f4xx_tim.o(.text)
    TIM_SelectOCxM                           0x08002dcd   Thumb Code    86  stm32f4xx_tim.o(.text)
    TIM_SetCompare1                          0x08002e23   Thumb Code     4  stm32f4xx_tim.o(.text)
    TIM_SetCompare2                          0x08002e27   Thumb Code     4  stm32f4xx_tim.o(.text)
    TIM_SetCompare3                          0x08002e2b   Thumb Code     4  stm32f4xx_tim.o(.text)
    TIM_SetCompare4                          0x08002e2f   Thumb Code     4  stm32f4xx_tim.o(.text)
    TIM_ForcedOC1Config                      0x08002e33   Thumb Code    18  stm32f4xx_tim.o(.text)
    TIM_ForcedOC2Config                      0x08002e45   Thumb Code    26  stm32f4xx_tim.o(.text)
    TIM_ForcedOC3Config                      0x08002e5f   Thumb Code    18  stm32f4xx_tim.o(.text)
    TIM_ForcedOC4Config                      0x08002e71   Thumb Code    26  stm32f4xx_tim.o(.text)
    TIM_OC1PreloadConfig                     0x08002e8b   Thumb Code    18  stm32f4xx_tim.o(.text)
    TIM_OC2PreloadConfig                     0x08002e9d   Thumb Code    26  stm32f4xx_tim.o(.text)
    TIM_OC3PreloadConfig                     0x08002eb7   Thumb Code    18  stm32f4xx_tim.o(.text)
    TIM_OC4PreloadConfig                     0x08002ec9   Thumb Code    26  stm32f4xx_tim.o(.text)
    TIM_OC1FastConfig                        0x08002ee3   Thumb Code    18  stm32f4xx_tim.o(.text)
    TIM_OC2FastConfig                        0x08002ef5   Thumb Code    26  stm32f4xx_tim.o(.text)
    TIM_OC3FastConfig                        0x08002f0f   Thumb Code    18  stm32f4xx_tim.o(.text)
    TIM_OC4FastConfig                        0x08002f21   Thumb Code    26  stm32f4xx_tim.o(.text)
    TIM_ClearOC1Ref                          0x08002f3b   Thumb Code    18  stm32f4xx_tim.o(.text)
    TIM_ClearOC2Ref                          0x08002f4d   Thumb Code    24  stm32f4xx_tim.o(.text)
    TIM_ClearOC3Ref                          0x08002f65   Thumb Code    18  stm32f4xx_tim.o(.text)
    TIM_ClearOC4Ref                          0x08002f77   Thumb Code    24  stm32f4xx_tim.o(.text)
    TIM_OC1PolarityConfig                    0x08002f8f   Thumb Code    18  stm32f4xx_tim.o(.text)
    TIM_OC1NPolarityConfig                   0x08002fa1   Thumb Code    18  stm32f4xx_tim.o(.text)
    TIM_OC2PolarityConfig                    0x08002fb3   Thumb Code    26  stm32f4xx_tim.o(.text)
    TIM_OC2NPolarityConfig                   0x08002fcd   Thumb Code    26  stm32f4xx_tim.o(.text)
    TIM_OC3PolarityConfig                    0x08002fe7   Thumb Code    26  stm32f4xx_tim.o(.text)
    TIM_OC3NPolarityConfig                   0x08003001   Thumb Code    26  stm32f4xx_tim.o(.text)
    TIM_OC4PolarityConfig                    0x0800301b   Thumb Code    26  stm32f4xx_tim.o(.text)
    TIM_CCxCmd                               0x08003035   Thumb Code    30  stm32f4xx_tim.o(.text)
    TIM_CCxNCmd                              0x08003053   Thumb Code    30  stm32f4xx_tim.o(.text)
    TIM_SetIC4Prescaler                      0x08003071   Thumb Code    26  stm32f4xx_tim.o(.text)
    TIM_SetIC3Prescaler                      0x080030db   Thumb Code    18  stm32f4xx_tim.o(.text)
    TIM_SetIC2Prescaler                      0x08003135   Thumb Code    26  stm32f4xx_tim.o(.text)
    TIM_SetIC1Prescaler                      0x080031a9   Thumb Code    18  stm32f4xx_tim.o(.text)
    TIM_ICInit                               0x080031f5   Thumb Code   110  stm32f4xx_tim.o(.text)
    TIM_ICStructInit                         0x08003263   Thumb Code    18  stm32f4xx_tim.o(.text)
    TIM_PWMIConfig                           0x08003275   Thumb Code   124  stm32f4xx_tim.o(.text)
    TIM_GetCapture1                          0x080032f1   Thumb Code     6  stm32f4xx_tim.o(.text)
    TIM_GetCapture2                          0x080032f7   Thumb Code     6  stm32f4xx_tim.o(.text)
    TIM_GetCapture3                          0x080032fd   Thumb Code     6  stm32f4xx_tim.o(.text)
    TIM_GetCapture4                          0x08003303   Thumb Code     6  stm32f4xx_tim.o(.text)
    TIM_BDTRConfig                           0x08003309   Thumb Code    32  stm32f4xx_tim.o(.text)
    TIM_BDTRStructInit                       0x08003329   Thumb Code    18  stm32f4xx_tim.o(.text)
    TIM_CtrlPWMOutputs                       0x0800333b   Thumb Code    30  stm32f4xx_tim.o(.text)
    TIM_SelectCOM                            0x08003359   Thumb Code    24  stm32f4xx_tim.o(.text)
    TIM_CCPreloadControl                     0x08003371   Thumb Code    24  stm32f4xx_tim.o(.text)
    TIM_ITConfig                             0x08003389   Thumb Code    18  stm32f4xx_tim.o(.text)
    TIM_GenerateEvent                        0x0800339b   Thumb Code     4  stm32f4xx_tim.o(.text)
    TIM_GetFlagStatus                        0x0800339f   Thumb Code    18  stm32f4xx_tim.o(.text)
    TIM_ClearFlag                            0x080033b1   Thumb Code     6  stm32f4xx_tim.o(.text)
    TIM_GetITStatus                          0x080033b7   Thumb Code    34  stm32f4xx_tim.o(.text)
    TIM_ClearITPendingBit                    0x080033d9   Thumb Code     6  stm32f4xx_tim.o(.text)
    TIM_DMAConfig                            0x080033df   Thumb Code    10  stm32f4xx_tim.o(.text)
    TIM_DMACmd                               0x080033e9   Thumb Code    18  stm32f4xx_tim.o(.text)
    TIM_SelectCCDMA                          0x080033fb   Thumb Code    24  stm32f4xx_tim.o(.text)
    TIM_InternalClockConfig                  0x08003413   Thumb Code    12  stm32f4xx_tim.o(.text)
    TIM_SelectInputTrigger                   0x0800341f   Thumb Code    18  stm32f4xx_tim.o(.text)
    TIM_ITRxExternalClockConfig              0x08003431   Thumb Code    24  stm32f4xx_tim.o(.text)
    TIM_TIxExternalClockConfig               0x08003449   Thumb Code    62  stm32f4xx_tim.o(.text)
    TIM_ETRConfig                            0x08003487   Thumb Code    28  stm32f4xx_tim.o(.text)
    TIM_ETRClockMode1Config                  0x080034a3   Thumb Code    54  stm32f4xx_tim.o(.text)
    TIM_ETRClockMode2Config                  0x080034d9   Thumb Code    32  stm32f4xx_tim.o(.text)
    TIM_SelectOutputTrigger                  0x080034f9   Thumb Code    18  stm32f4xx_tim.o(.text)
    TIM_SelectSlaveMode                      0x0800350b   Thumb Code    18  stm32f4xx_tim.o(.text)
    TIM_SelectMasterSlaveMode                0x0800351d   Thumb Code    18  stm32f4xx_tim.o(.text)
    TIM_EncoderInterfaceConfig               0x0800352f   Thumb Code    66  stm32f4xx_tim.o(.text)
    TIM_SelectHallSensor                     0x08003571   Thumb Code    24  stm32f4xx_tim.o(.text)
    TIM_RemapConfig                          0x08003589   Thumb Code     6  stm32f4xx_tim.o(.text)
    USART_DeInit                             0x08003591   Thumb Code   206  stm32f4xx_usart.o(.text)
    USART_Init                               0x0800365f   Thumb Code   204  stm32f4xx_usart.o(.text)
    USART_StructInit                         0x0800372b   Thumb Code    24  stm32f4xx_usart.o(.text)
    USART_ClockInit                          0x08003743   Thumb Code    32  stm32f4xx_usart.o(.text)
    USART_ClockStructInit                    0x08003763   Thumb Code    12  stm32f4xx_usart.o(.text)
    USART_Cmd                                0x0800376f   Thumb Code    24  stm32f4xx_usart.o(.text)
    USART_SetPrescaler                       0x08003787   Thumb Code    16  stm32f4xx_usart.o(.text)
    USART_OverSampling8Cmd                   0x08003797   Thumb Code    22  stm32f4xx_usart.o(.text)
    USART_OneBitMethodCmd                    0x080037ad   Thumb Code    24  stm32f4xx_usart.o(.text)
    USART_SendData                           0x080037c5   Thumb Code     8  stm32f4xx_usart.o(.text)
    USART_ReceiveData                        0x080037cd   Thumb Code    10  stm32f4xx_usart.o(.text)
    USART_SetAddress                         0x080037d7   Thumb Code    18  stm32f4xx_usart.o(.text)
    USART_ReceiverWakeUpCmd                  0x080037e9   Thumb Code    24  stm32f4xx_usart.o(.text)
    USART_WakeUpConfig                       0x08003801   Thumb Code    18  stm32f4xx_usart.o(.text)
    USART_LINBreakDetectLengthConfig         0x08003813   Thumb Code    18  stm32f4xx_usart.o(.text)
    USART_LINCmd                             0x08003825   Thumb Code    24  stm32f4xx_usart.o(.text)
    USART_SendBreak                          0x0800383d   Thumb Code    10  stm32f4xx_usart.o(.text)
    USART_HalfDuplexCmd                      0x08003847   Thumb Code    24  stm32f4xx_usart.o(.text)
    USART_SetGuardTime                       0x0800385f   Thumb Code    16  stm32f4xx_usart.o(.text)
    USART_SmartCardCmd                       0x0800386f   Thumb Code    24  stm32f4xx_usart.o(.text)
    USART_SmartCardNACKCmd                   0x08003887   Thumb Code    24  stm32f4xx_usart.o(.text)
    USART_IrDAConfig                         0x0800389f   Thumb Code    18  stm32f4xx_usart.o(.text)
    USART_IrDACmd                            0x080038b1   Thumb Code    24  stm32f4xx_usart.o(.text)
    USART_DMACmd                             0x080038c9   Thumb Code    18  stm32f4xx_usart.o(.text)
    USART_ITConfig                           0x080038db   Thumb Code    74  stm32f4xx_usart.o(.text)
    USART_GetFlagStatus                      0x08003925   Thumb Code    26  stm32f4xx_usart.o(.text)
    USART_ClearFlag                          0x0800393f   Thumb Code    18  stm32f4xx_usart.o(.text)
    USART_GetITStatus                        0x08003951   Thumb Code   118  stm32f4xx_usart.o(.text)
    USART_ClearITPendingBit                  0x080039c7   Thumb Code    30  stm32f4xx_usart.o(.text)
    RCC_DeInit                               0x080039e5   Thumb Code    82  stm32f4xx_rcc.o(.text)
    RCC_HSEConfig                            0x08003a37   Thumb Code    14  stm32f4xx_rcc.o(.text)
    RCC_GetFlagStatus                        0x08003a45   Thumb Code    60  stm32f4xx_rcc.o(.text)
    RCC_WaitForHSEStartUp                    0x08003a81   Thumb Code    56  stm32f4xx_rcc.o(.text)
    RCC_AdjustHSICalibrationValue            0x08003ab9   Thumb Code    20  stm32f4xx_rcc.o(.text)
    RCC_HSICmd                               0x08003acd   Thumb Code     6  stm32f4xx_rcc.o(.text)
    RCC_LSEConfig                            0x08003ad3   Thumb Code    46  stm32f4xx_rcc.o(.text)
    RCC_LSICmd                               0x08003b01   Thumb Code     6  stm32f4xx_rcc.o(.text)
    RCC_PLLConfig                            0x08003b07   Thumb Code    32  stm32f4xx_rcc.o(.text)
    RCC_PLLCmd                               0x08003b27   Thumb Code     6  stm32f4xx_rcc.o(.text)
    RCC_PLLI2SConfig                         0x08003b2d   Thumb Code    14  stm32f4xx_rcc.o(.text)
    RCC_PLLI2SCmd                            0x08003b3b   Thumb Code     6  stm32f4xx_rcc.o(.text)
    RCC_PLLSAIConfig                         0x08003b41   Thumb Code    20  stm32f4xx_rcc.o(.text)
    RCC_PLLSAICmd                            0x08003b55   Thumb Code     6  stm32f4xx_rcc.o(.text)
    RCC_ClockSecuritySystemCmd               0x08003b5b   Thumb Code     6  stm32f4xx_rcc.o(.text)
    RCC_MCO1Config                           0x08003b61   Thumb Code    28  stm32f4xx_rcc.o(.text)
    RCC_MCO2Config                           0x08003b7d   Thumb Code    28  stm32f4xx_rcc.o(.text)
    RCC_SYSCLKConfig                         0x08003b99   Thumb Code    20  stm32f4xx_rcc.o(.text)
    RCC_GetSYSCLKSource                      0x08003bad   Thumb Code    12  stm32f4xx_rcc.o(.text)
    RCC_HCLKConfig                           0x08003bb9   Thumb Code    20  stm32f4xx_rcc.o(.text)
    RCC_PCLK1Config                          0x08003bcd   Thumb Code    20  stm32f4xx_rcc.o(.text)
    RCC_PCLK2Config                          0x08003be1   Thumb Code    22  stm32f4xx_rcc.o(.text)
    RCC_GetClocksFreq                        0x08003bf7   Thumb Code   222  stm32f4xx_rcc.o(.text)
    RCC_RTCCLKConfig                         0x08003cd5   Thumb Code    54  stm32f4xx_rcc.o(.text)
    RCC_RTCCLKCmd                            0x08003d0b   Thumb Code     8  stm32f4xx_rcc.o(.text)
    RCC_BackupResetCmd                       0x08003d13   Thumb Code     8  stm32f4xx_rcc.o(.text)
    RCC_I2SCLKConfig                         0x08003d1b   Thumb Code     6  stm32f4xx_rcc.o(.text)
    RCC_SAIPLLI2SClkDivConfig                0x08003d21   Thumb Code    26  stm32f4xx_rcc.o(.text)
    RCC_SAIPLLSAIClkDivConfig                0x08003d3b   Thumb Code    28  stm32f4xx_rcc.o(.text)
    RCC_SAIBlockACLKConfig                   0x08003d57   Thumb Code    20  stm32f4xx_rcc.o(.text)
    RCC_SAIBlockBCLKConfig                   0x08003d6b   Thumb Code    20  stm32f4xx_rcc.o(.text)
    RCC_LTDCCLKDivConfig                     0x08003d7f   Thumb Code    20  stm32f4xx_rcc.o(.text)
    RCC_TIMCLKPresConfig                     0x08003d93   Thumb Code     6  stm32f4xx_rcc.o(.text)
    RCC_AHB1PeriphClockCmd                   0x08003d99   Thumb Code    34  stm32f4xx_rcc.o(.text)
    RCC_AHB2PeriphClockCmd                   0x08003dbb   Thumb Code    78  stm32f4xx_rcc.o(.text)
    RCC_AHB3PeriphClockCmd                   0x08003e09   Thumb Code    34  stm32f4xx_rcc.o(.text)
    RCC_APB1PeriphClockCmd                   0x08003e2b   Thumb Code    34  stm32f4xx_rcc.o(.text)
    RCC_APB2PeriphClockCmd                   0x08003e4d   Thumb Code    34  stm32f4xx_rcc.o(.text)
    RCC_AHB1PeriphResetCmd                   0x08003e6f   Thumb Code    34  stm32f4xx_rcc.o(.text)
    RCC_AHB2PeriphResetCmd                   0x08003e91   Thumb Code    34  stm32f4xx_rcc.o(.text)
    RCC_AHB3PeriphResetCmd                   0x08003eb3   Thumb Code    34  stm32f4xx_rcc.o(.text)
    RCC_APB1PeriphResetCmd                   0x08003ed5   Thumb Code    34  stm32f4xx_rcc.o(.text)
    RCC_APB2PeriphResetCmd                   0x08003ef7   Thumb Code    34  stm32f4xx_rcc.o(.text)
    RCC_AHB1PeriphClockLPModeCmd             0x08003f19   Thumb Code    34  stm32f4xx_rcc.o(.text)
    RCC_AHB2PeriphClockLPModeCmd             0x08003f3b   Thumb Code    34  stm32f4xx_rcc.o(.text)
    RCC_AHB3PeriphClockLPModeCmd             0x08003f5d   Thumb Code    34  stm32f4xx_rcc.o(.text)
    RCC_APB1PeriphClockLPModeCmd             0x08003f7f   Thumb Code    34  stm32f4xx_rcc.o(.text)
    RCC_APB2PeriphClockLPModeCmd             0x08003fa1   Thumb Code    34  stm32f4xx_rcc.o(.text)
    RCC_LSEModeConfig                        0x08003fc3   Thumb Code    40  stm32f4xx_rcc.o(.text)
    RCC_ITConfig                             0x08003feb   Thumb Code    34  stm32f4xx_rcc.o(.text)
    RCC_ClearFlag                            0x0800400d   Thumb Code    18  stm32f4xx_rcc.o(.text)
    RCC_GetITStatus                          0x0800401f   Thumb Code    22  stm32f4xx_rcc.o(.text)
    RCC_ClearITPendingBit                    0x08004035   Thumb Code     8  stm32f4xx_rcc.o(.text)
    AF_config                                0x08004041   Thumb Code   280  gpio.o(.text)
    gpio_rcc_init                            0x08004159   Thumb Code   156  gpio.o(.text)
    gpio_init                                0x080041f5   Thumb Code    54  gpio.o(.text)
    timer_gpio_init                          0x0800422b   Thumb Code    48  gpio.o(.text)
    BUTTON_init                              0x0800425b   Thumb Code    44  gpio.o(.text)
    LED_init                                 0x08004287   Thumb Code    78  gpio.o(.text)
    gpio_read_input                          0x080042d5   Thumb Code    14  gpio.o(.text)
    gpio_write                               0x080042e3   Thumb Code    18  gpio.o(.text)
    SysTick_Init                             0x080042fd   Thumb Code    90  ticks.o(.text)
    TimeTick_Decrement                       0x08004357   Thumb Code    18  ticks.o(.text)
    TimeTick_Increment                       0x08004369   Thumb Code    30  ticks.o(.text)
    get_ms_ticks                             0x08004387   Thumb Code     6  ticks.o(.text)
    delay_1ms                                0x0800438d   Thumb Code    18  ticks.o(.text)
    delay_nms                                0x0800439f   Thumb Code    16  ticks.o(.text)
    Brush_motor_pwm_dir_init                 0x080043c9   Thumb Code   106  pwm.o(.text)
    Brush_motor_control1                     0x08004433   Thumb Code    42  pwm.o(.text)
    Brush_motor_control2                     0x0800445d   Thumb Code    42  pwm.o(.text)
    Friction_wheel_init                      0x08004487   Thumb Code   120  pwm.o(.text)
    Friction_wheel_control1                  0x080044ff   Thumb Code    14  pwm.o(.text)
    Friction_wheel_control2                  0x0800450d   Thumb Code    14  pwm.o(.text)
    Friction_wheel_control3                  0x0800451b   Thumb Code    14  pwm.o(.text)
    timer_rcc_init                           0x0800454d   Thumb Code   228  timer.o(.text)
    timer_init                               0x08004631   Thumb Code    54  timer.o(.text)
    pwm_timer_init                           0x08004667   Thumb Code   178  timer.o(.text)
    LED_master_init                          0x0800474d   Thumb Code    10  led.o(.text)
    LED_control                              0x08004757   Thumb Code    30  led.o(.text)
    LED_blink                                0x08004775   Thumb Code    50  led.o(.text)
    tft_spi_init                             0x080047b1   Thumb Code   178  1.8 tft_display.o(.text)
    tft_write_command                        0x08004863   Thumb Code    72  1.8 tft_display.o(.text)
    tft_write_data                           0x080048ab   Thumb Code    72  1.8 tft_display.o(.text)
    tft_config                               0x080048f3   Thumb Code   514  1.8 tft_display.o(.text)
    tft_reset                                0x08004af5   Thumb Code    32  1.8 tft_display.o(.text)
    tft_fill_color                           0x08004b15   Thumb Code    98  1.8 tft_display.o(.text)
    tft_set_special_color                    0x08004b77   Thumb Code     6  1.8 tft_display.o(.text)
    tft_set_text_color                       0x08004b7d   Thumb Code     6  1.8 tft_display.o(.text)
    tft_set_bg_color                         0x08004b83   Thumb Code     6  1.8 tft_display.o(.text)
    tft_init                                 0x08004b89   Thumb Code   214  1.8 tft_display.o(.text)
    tft_enable                               0x08004c5f   Thumb Code     8  1.8 tft_display.o(.text)
    tft_disable                              0x08004c67   Thumb Code     8  1.8 tft_display.o(.text)
    tft_get_bg_color                         0x08004c6f   Thumb Code     6  1.8 tft_display.o(.text)
    tft_get_text_color                       0x08004c75   Thumb Code     6  1.8 tft_display.o(.text)
    tft_get_special_text_color               0x08004c7b   Thumb Code     6  1.8 tft_display.o(.text)
    tft_get_orientation                      0x08004c81   Thumb Code     6  1.8 tft_display.o(.text)
    tft_force_clear                          0x08004c87   Thumb Code    86  1.8 tft_display.o(.text)
    tft_set_orientation                      0x08004cdd   Thumb Code    28  1.8 tft_display.o(.text)
    tft_get_max_x_char                       0x08004cf9   Thumb Code    24  1.8 tft_display.o(.text)
    tft_get_max_y_char                       0x08004d11   Thumb Code    24  1.8 tft_display.o(.text)
    tft_set_pixel_pos                        0x08004d29   Thumb Code    78  1.8 tft_display.o(.text)
    tft_set_char_pos                         0x08004d77   Thumb Code    82  1.8 tft_display.o(.text)
    tft_clear_line                           0x08004dc9   Thumb Code    68  1.8 tft_display.o(.text)
    tft_clear                                0x08004e0d   Thumb Code    22  1.8 tft_display.o(.text)
    tft_toggle                               0x08004e23   Thumb Code    34  1.8 tft_display.o(.text)
    tft_put_pixel                            0x08004e45   Thumb Code   100  1.8 tft_display.o(.text)
    tft_char_is_changed                      0x08004ea9   Thumb Code   186  1.8 tft_display.o(.text)
    tft_prints                               0x08004f63   Thumb Code   268  1.8 tft_display.o(.text)
    tft_update                               0x0800506f   Thumb Code  1454  1.8 tft_display.o(.text)
    gyro_spi_init                            0x0800562d   Thumb Code   306  yaw_gyro.o(.text)
    gyro_chip_deselect                       0x0800575f   Thumb Code    12  yaw_gyro.o(.text)
    gyro_chip_select                         0x0800576b   Thumb Code    12  yaw_gyro.o(.text)
    spi_frame                                0x08005777   Thumb Code    72  yaw_gyro.o(.text)
    adis_write                               0x080057bf   Thumb Code    50  yaw_gyro.o(.text)
    adis_read                                0x080057f1   Thumb Code    34  yaw_gyro.o(.text)
    gyro_init                                0x08005813   Thumb Code    68  yaw_gyro.o(.text)
    gyro_get_vel                             0x08005857   Thumb Code    40  yaw_gyro.o(.text)
    gyro_cal                                 0x0800587f   Thumb Code   116  yaw_gyro.o(.text)
    Abs                                      0x080058f3   Thumb Code    14  yaw_gyro.o(.text)
    gyro_get_off                             0x08005901   Thumb Code    40  yaw_gyro.o(.text)
    gyro_cal_short                           0x08005929   Thumb Code   140  yaw_gyro.o(.text)
    gyro_get_angle                           0x080059b5   Thumb Code    18  yaw_gyro.o(.text)
    gyro_update                              0x080059c7   Thumb Code   434  yaw_gyro.o(.text)
    get_angle                                0x08005b79   Thumb Code     8  yaw_gyro.o(.text)
    gyro_get_flash                           0x08005b81   Thumb Code    16  yaw_gyro.o(.text)
    gyro_get_power                           0x08005b91   Thumb Code    30  yaw_gyro.o(.text)
    gyro_get_adc                             0x08005baf   Thumb Code    30  yaw_gyro.o(.text)
    gyro_get_temp                            0x08005bcd   Thumb Code    30  yaw_gyro.o(.text)
    set_angle                                0x08005beb   Thumb Code    18  yaw_gyro.o(.text)
    TIM5_Int_Init                            0x08005bfd   Thumb Code   104  yaw_gyro.o(.text)
    yaw_axis_pid_cal                         0x08005c65   Thumb Code   110  yaw_gyro.o(.text)
    TIM5_IRQHandler                          0x08005cd3   Thumb Code   158  yaw_gyro.o(.text)
    ADC1_init                                0x08005dcd   Thumb Code   254  adc.o(.text)
    ADC_raw_data                             0x08005ecb   Thumb Code    12  adc.o(.text)
    get_5v                                   0x08005ed7   Thumb Code    30  adc.o(.text)
    get_mcu_temperature                      0x08005ef5   Thumb Code     6  adc.o(.text)
    Quad_Encoder_Configuration               0x08005f15   Thumb Code   178  encoder.o(.text)
    Encoder_Start1                           0x08005fc7   Thumb Code    12  encoder.o(.text)
    Encoder_Start2                           0x08005fd3   Thumb Code    12  encoder.o(.text)
    GetQuadEncoderDiff1                      0x08005fdf   Thumb Code    40  encoder.o(.text)
    GetQuadEncoderDiff2                      0x08006007   Thumb Code    40  encoder.o(.text)
    pneumatic_init                           0x08006045   Thumb Code    28  pneumatic.o(.text)
    pneumatic_control                        0x08006061   Thumb Code    80  pneumatic.o(.text)
    CAN1_Configuration                       0x080060c5   Thumb Code   262  can1.o(.text)
    CAN1_TX_IRQHandler                       0x080061cb   Thumb Code    22  can1.o(.text)
    CAN1_RX0_IRQHandler                      0x080061e1   Thumb Code    42  can1.o(.text)
    CAN2_Configuration                       0x08006215   Thumb Code   264  can2.o(.text)
    CAN2_TX_IRQHandler                       0x0800631d   Thumb Code    22  can2.o(.text)
    CAN2_RX0_IRQHandler                      0x08006333   Thumb Code    42  can2.o(.text)
    GetEncoderBias                           0x08006365   Thumb Code    26  canbusprocess.o(.text)
    EncoderProcess                           0x0800637f   Thumb Code   212  canbusprocess.o(.text)
    CanReceiveMsgProcess_for_chassis         0x08006453   Thumb Code   152  canbusprocess.o(.text)
    CanReceiveMsgProcess_for_gimbal          0x080064eb   Thumb Code    88  canbusprocess.o(.text)
    Set_CM_Speed                             0x08006543   Thumb Code    92  canbusprocess.o(.text)
    Set_Gimbal_Current                       0x0800659f   Thumb Code    92  canbusprocess.o(.text)
    Dbus_init                                0x08006625   Thumb Code   268  dbus.o(.text)
    DBUS_DataDecoding                        0x08006731   Thumb Code   336  dbus.o(.text)
    DBUS_CheckPush                           0x08006881   Thumb Code    26  dbus.o(.text)
    USART1_IRQHandler                        0x0800689b   Thumb Code    76  dbus.o(.text)
    judging_system_init                      0x0800690d   Thumb Code   270  judge.o(.text)
    Get_CRC8_Check_Sum                       0x08006a1b   Thumb Code    30  judge.o(.text)
    Verify_CRC8_Check_Sum                    0x08006a39   Thumb Code    46  judge.o(.text)
    Append_CRC8_Check_Sum                    0x08006a67   Thumb Code    36  judge.o(.text)
    Get_CRC16_Check_Sum                      0x08006a8b   Thumb Code    46  judge.o(.text)
    Verify_CRC16_Check_Sum                   0x08006ab9   Thumb Code    60  judge.o(.text)
    Append_CRC16_Check_Sum                   0x08006af5   Thumb Code    44  judge.o(.text)
    Judge_InitConfig                         0x08006b21   Thumb Code    38  judge.o(.text)
    USART3_IRQHandler                        0x08006b47   Thumb Code   166  judge.o(.text)
    pid_process                              0x08006c25   Thumb Code    64  pid.o(.text)
    pid_process_gai1                         0x08006c65   Thumb Code   104  pid.o(.text)
    incPIDinit                               0x08006ccd   Thumb Code    36  pid.o(.text)
    incPIDset                                0x08006cf1   Thumb Code    14  pid.o(.text)
    incPIDcalc                               0x08006cff   Thumb Code    88  pid.o(.text)
    incPIDsetpoint                           0x08006d57   Thumb Code     4  pid.o(.text)
    incPIDClearError                         0x08006d5b   Thumb Code    10  pid.o(.text)
    buffer_out                               0x08006d71   Thumb Code    30  helper_functions.o(.text)
    buffer_in                                0x08006d8f   Thumb Code    18  helper_functions.o(.text)
    abs                                      0x08006da1   Thumb Code    14  helper_functions.o(.text)
    wheel_setpoints_adjust                   0x08006daf   Thumb Code   156  helper_functions.o(.text)
    vsprintf                                 0x08006e4d   Thumb Code    32  vsprintf.o(.text)
    __aeabi_memcpy4                          0x08006e71   Thumb Code     0  rt_memcpy_w.o(.text)
    __aeabi_memcpy8                          0x08006e71   Thumb Code     0  rt_memcpy_w.o(.text)
    __rt_memcpy_w                            0x08006e71   Thumb Code   100  rt_memcpy_w.o(.text)
    _memcpy_lastbytes_aligned                0x08006eb9   Thumb Code     0  rt_memcpy_w.o(.text)
    __use_two_region_memory                  0x08006ed5   Thumb Code     2  heapauxi.o(.text)
    __rt_heap_escrow$2region                 0x08006ed7   Thumb Code     2  heapauxi.o(.text)
    __rt_heap_expand$2region                 0x08006ed9   Thumb Code     2  heapauxi.o(.text)
    _printf_pre_padding                      0x08006edb   Thumb Code    44  _printf_pad.o(.text)
    _printf_post_padding                     0x08006f07   Thumb Code    34  _printf_pad.o(.text)
    _printf_truncate_signed                  0x08006f29   Thumb Code    18  _printf_truncate.o(.text)
    _printf_truncate_unsigned                0x08006f3b   Thumb Code    18  _printf_truncate.o(.text)
    _printf_str                              0x08006f4d   Thumb Code    82  _printf_str.o(.text)
    _printf_int_dec                          0x08006fa1   Thumb Code   104  _printf_dec.o(.text)
    _printf_charcount                        0x08007019   Thumb Code    40  _printf_charcount.o(.text)
    _printf_char_common                      0x0800704b   Thumb Code    32  _printf_char_common.o(.text)
    _sputc                                   0x08007071   Thumb Code    10  _sputc.o(.text)
    _printf_wctomb                           0x0800707d   Thumb Code   182  _printf_wctomb.o(.text)
    _printf_longlong_dec                     0x08007139   Thumb Code   108  _printf_longlong_dec.o(.text)
    _printf_longlong_oct                     0x080071b5   Thumb Code    68  _printf_oct_int_ll.o(.text)
    _printf_int_oct                          0x080071f9   Thumb Code    24  _printf_oct_int_ll.o(.text)
    _printf_ll_oct                           0x08007211   Thumb Code    12  _printf_oct_int_ll.o(.text)
    _printf_longlong_hex                     0x08007225   Thumb Code    86  _printf_hex_int_ll_ptr.o(.text)
    _printf_int_hex                          0x0800727b   Thumb Code    28  _printf_hex_int_ll_ptr.o(.text)
    _printf_ll_hex                           0x08007297   Thumb Code    12  _printf_hex_int_ll_ptr.o(.text)
    _printf_hex_ptr                          0x080072a3   Thumb Code    18  _printf_hex_int_ll_ptr.o(.text)
    __printf                                 0x080072b9   Thumb Code   388  __printf_flags_ss_wp.o(.text)
    _ll_udiv10                               0x08007441   Thumb Code   138  lludiv10.o(.text)
    _printf_int_common                       0x080074cb   Thumb Code   178  _printf_intcommon.o(.text)
    __lib_sel_fp_printf                      0x0800757d   Thumb Code     2  _printf_fp_dec.o(.text)
    _printf_fp_dec_real                      0x0800772b   Thumb Code   620  _printf_fp_dec.o(.text)
    _printf_fp_hex_real                      0x08007999   Thumb Code   756  _printf_fp_hex.o(.text)
    _printf_cs_common                        0x08007c95   Thumb Code    20  _printf_char.o(.text)
    _printf_char                             0x08007ca9   Thumb Code    16  _printf_char.o(.text)
    _printf_string                           0x08007cb9   Thumb Code     8  _printf_char.o(.text)
    _printf_lcs_common                       0x08007cc1   Thumb Code    20  _printf_wchar.o(.text)
    _printf_wchar                            0x08007cd5   Thumb Code    16  _printf_wchar.o(.text)
    _printf_wstring                          0x08007ce5   Thumb Code     8  _printf_wchar.o(.text)
    _wcrtomb                                 0x08007ced   Thumb Code    64  _wcrtomb.o(.text)
    __user_setup_stackheap                   0x08007d2d   Thumb Code    74  sys_stackheap_outer.o(.text)
    __rt_ctype_table                         0x08007d79   Thumb Code    16  rt_ctype_table.o(.text)
    __rt_locale                              0x08007d89   Thumb Code     8  rt_locale_intlibspace.o(.text)
    _printf_fp_infnan                        0x08007d91   Thumb Code   112  _printf_fp_infnan.o(.text)
    _btod_etento                             0x08007e11   Thumb Code   216  bigflt0.o(.text)
    exit                                     0x08007eed   Thumb Code    18  exit.o(.text)
    __user_libspace                          0x08007f01   Thumb Code     8  libspace.o(.text)
    __user_perproc_libspace                  0x08007f01   Thumb Code     0  libspace.o(.text)
    __user_perthread_libspace                0x08007f01   Thumb Code     0  libspace.o(.text)
    strcmp                                   0x08007f09   Thumb Code   128  strcmpv7m.o(.text)
    _sys_exit                                0x08007f89   Thumb Code     8  sys_exit.o(.text)
    __I$use$semihosting                      0x08007f95   Thumb Code     0  use_no_semi.o(.text)
    __use_no_semihosting_swi                 0x08007f95   Thumb Code     2  use_no_semi.o(.text)
    __semihosting_library_function           0x08007f97   Thumb Code     0  indicate_semi.o(.text)
    _btod_d2e                                0x08007f97   Thumb Code    62  btod.o(CL$$btod_d2e)
    _d2e_denorm_low                          0x08007fd5   Thumb Code    70  btod.o(CL$$btod_d2e_denorm_low)
    _d2e_norm_op1                            0x0800801b   Thumb Code    96  btod.o(CL$$btod_d2e_norm_op1)
    __btod_div_common                        0x0800807b   Thumb Code   696  btod.o(CL$$btod_div_common)
    _e2e                                     0x080083b3   Thumb Code   198  btod.o(CL$$btod_e2e)
    _btod_ediv                               0x08008479   Thumb Code    40  btod.o(CL$$btod_ediv)
    _btod_emul                               0x080084a1   Thumb Code    40  btod.o(CL$$btod_emul)
    __btod_mult_common                       0x080084c9   Thumb Code   580  btod.o(CL$$btod_mult_common)
    __ARM_fpclassify                         0x0800870d   Thumb Code    48  fpclassify.o(i.__ARM_fpclassify)
    _is_digit                                0x0800873d   Thumb Code    14  __printf_wp.o(i._is_digit)
    _get_lc_numeric                          0x0800874d   Thumb Code    44  lc_numeric_c.o(locale$$code)
    _get_lc_ctype                            0x08008779   Thumb Code    44  lc_ctype_c.o(locale$$code)
    __aeabi_d2f                              0x080087a5   Thumb Code     0  d2f.o(x$fpl$d2f)
    _d2f                                     0x080087a5   Thumb Code    98  d2f.o(x$fpl$d2f)
    __aeabi_dadd                             0x08008809   Thumb Code     0  daddsub_clz.o(x$fpl$dadd)
    _dadd                                    0x08008809   Thumb Code   332  daddsub_clz.o(x$fpl$dadd)
    __aeabi_ddiv                             0x08008959   Thumb Code     0  ddiv.o(x$fpl$ddiv)
    _ddiv                                    0x08008959   Thumb Code   552  ddiv.o(x$fpl$ddiv)
    __aeabi_d2iz                             0x08008c09   Thumb Code     0  dfix.o(x$fpl$dfix)
    _dfix                                    0x08008c09   Thumb Code    94  dfix.o(x$fpl$dfix)
    __aeabi_i2d                              0x08008c67   Thumb Code     0  dflt_clz.o(x$fpl$dflt)
    _dflt                                    0x08008c67   Thumb Code    46  dflt_clz.o(x$fpl$dflt)
    __aeabi_dmul                             0x08008c95   Thumb Code     0  dmul.o(x$fpl$dmul)
    _dmul                                    0x08008c95   Thumb Code   332  dmul.o(x$fpl$dmul)
    __fpl_dnaninf                            0x08008de9   Thumb Code   156  dnaninf.o(x$fpl$dnaninf)
    __fpl_dretinf                            0x08008e85   Thumb Code    12  dretinf.o(x$fpl$dretinf)
    __aeabi_dsub                             0x08008e91   Thumb Code     0  daddsub_clz.o(x$fpl$dsub)
    _dsub                                    0x08008e91   Thumb Code   464  daddsub_clz.o(x$fpl$dsub)
    __aeabi_f2d                              0x08009065   Thumb Code     0  f2d.o(x$fpl$f2d)
    _f2d                                     0x08009065   Thumb Code    86  f2d.o(x$fpl$f2d)
    __fpl_fnaninf                            0x080090bb   Thumb Code   140  fnaninf.o(x$fpl$fnaninf)
    _fp_init                                 0x08009147   Thumb Code    10  fpinit.o(x$fpl$fpinit)
    __fplib_config_fpu_vfp                   0x0800914f   Thumb Code     0  fpinit.o(x$fpl$fpinit)
    __fplib_config_pureend_doubles           0x0800914f   Thumb Code     0  fpinit.o(x$fpl$fpinit)
    __fpl_fretinf                            0x08009151   Thumb Code    10  fretinf.o(x$fpl$fretinf)
    _printf_fp_dec                           0x0800915b   Thumb Code     4  printf1.o(x$fpl$printf1)
    _printf_fp_hex                           0x0800915f   Thumb Code     4  printf2.o(x$fpl$printf2)
    __I$use$fp                               0x08009162   Number         0  usenofp.o(x$fpl$usenofp)
    PA0                                      0x08009164   Data           8  gpio.o(.constdata)
    PA1                                      0x0800916c   Data           8  gpio.o(.constdata)
    PA2                                      0x08009174   Data           8  gpio.o(.constdata)
    PA3                                      0x0800917c   Data           8  gpio.o(.constdata)
    PA4                                      0x08009184   Data           8  gpio.o(.constdata)
    PA5                                      0x0800918c   Data           8  gpio.o(.constdata)
    PA6                                      0x08009194   Data           8  gpio.o(.constdata)
    PA7                                      0x0800919c   Data           8  gpio.o(.constdata)
    PA8                                      0x080091a4   Data           8  gpio.o(.constdata)
    PA9                                      0x080091ac   Data           8  gpio.o(.constdata)
    PA10                                     0x080091b4   Data           8  gpio.o(.constdata)
    PA11                                     0x080091bc   Data           8  gpio.o(.constdata)
    PA12                                     0x080091c4   Data           8  gpio.o(.constdata)
    PA13                                     0x080091cc   Data           8  gpio.o(.constdata)
    PA14                                     0x080091d4   Data           8  gpio.o(.constdata)
    PA15                                     0x080091dc   Data           8  gpio.o(.constdata)
    PB0                                      0x080091e4   Data           8  gpio.o(.constdata)
    PB1                                      0x080091ec   Data           8  gpio.o(.constdata)
    PB2                                      0x080091f4   Data           8  gpio.o(.constdata)
    PB3                                      0x080091fc   Data           8  gpio.o(.constdata)
    PB4                                      0x08009204   Data           8  gpio.o(.constdata)
    PB5                                      0x0800920c   Data           8  gpio.o(.constdata)
    PB6                                      0x08009214   Data           8  gpio.o(.constdata)
    PB7                                      0x0800921c   Data           8  gpio.o(.constdata)
    PB8                                      0x08009224   Data           8  gpio.o(.constdata)
    PB9                                      0x0800922c   Data           8  gpio.o(.constdata)
    PB10                                     0x08009234   Data           8  gpio.o(.constdata)
    PB11                                     0x0800923c   Data           8  gpio.o(.constdata)
    PB12                                     0x08009244   Data           8  gpio.o(.constdata)
    PB13                                     0x0800924c   Data           8  gpio.o(.constdata)
    PB14                                     0x08009254   Data           8  gpio.o(.constdata)
    PB15                                     0x0800925c   Data           8  gpio.o(.constdata)
    PC0                                      0x08009264   Data           8  gpio.o(.constdata)
    PC1                                      0x0800926c   Data           8  gpio.o(.constdata)
    PC2                                      0x08009274   Data           8  gpio.o(.constdata)
    PC3                                      0x0800927c   Data           8  gpio.o(.constdata)
    PC4                                      0x08009284   Data           8  gpio.o(.constdata)
    PC5                                      0x0800928c   Data           8  gpio.o(.constdata)
    PC6                                      0x08009294   Data           8  gpio.o(.constdata)
    PC7                                      0x0800929c   Data           8  gpio.o(.constdata)
    PC8                                      0x080092a4   Data           8  gpio.o(.constdata)
    PC9                                      0x080092ac   Data           8  gpio.o(.constdata)
    PC10                                     0x080092b4   Data           8  gpio.o(.constdata)
    PC11                                     0x080092bc   Data           8  gpio.o(.constdata)
    PC12                                     0x080092c4   Data           8  gpio.o(.constdata)
    PC13                                     0x080092cc   Data           8  gpio.o(.constdata)
    PC14                                     0x080092d4   Data           8  gpio.o(.constdata)
    PC15                                     0x080092dc   Data           8  gpio.o(.constdata)
    PD0                                      0x080092e4   Data           8  gpio.o(.constdata)
    PD1                                      0x080092ec   Data           8  gpio.o(.constdata)
    PD2                                      0x080092f4   Data           8  gpio.o(.constdata)
    PD3                                      0x080092fc   Data           8  gpio.o(.constdata)
    PD4                                      0x08009304   Data           8  gpio.o(.constdata)
    PD5                                      0x0800930c   Data           8  gpio.o(.constdata)
    PD6                                      0x08009314   Data           8  gpio.o(.constdata)
    PD7                                      0x0800931c   Data           8  gpio.o(.constdata)
    PD8                                      0x08009324   Data           8  gpio.o(.constdata)
    PD9                                      0x0800932c   Data           8  gpio.o(.constdata)
    PD10                                     0x08009334   Data           8  gpio.o(.constdata)
    PD11                                     0x0800933c   Data           8  gpio.o(.constdata)
    PD12                                     0x08009344   Data           8  gpio.o(.constdata)
    PD13                                     0x0800934c   Data           8  gpio.o(.constdata)
    PD14                                     0x08009354   Data           8  gpio.o(.constdata)
    PD15                                     0x0800935c   Data           8  gpio.o(.constdata)
    PE0                                      0x08009364   Data           8  gpio.o(.constdata)
    PE1                                      0x0800936c   Data           8  gpio.o(.constdata)
    PE2                                      0x08009374   Data           8  gpio.o(.constdata)
    PE3                                      0x0800937c   Data           8  gpio.o(.constdata)
    PE4                                      0x08009384   Data           8  gpio.o(.constdata)
    PE5                                      0x0800938c   Data           8  gpio.o(.constdata)
    PE6                                      0x08009394   Data           8  gpio.o(.constdata)
    PE7                                      0x0800939c   Data           8  gpio.o(.constdata)
    PE8                                      0x080093a4   Data           8  gpio.o(.constdata)
    PE9                                      0x080093ac   Data           8  gpio.o(.constdata)
    PE10                                     0x080093b4   Data           8  gpio.o(.constdata)
    PE11                                     0x080093bc   Data           8  gpio.o(.constdata)
    PE12                                     0x080093c4   Data           8  gpio.o(.constdata)
    PE13                                     0x080093cc   Data           8  gpio.o(.constdata)
    PE14                                     0x080093d4   Data           8  gpio.o(.constdata)
    PE15                                     0x080093dc   Data           8  gpio.o(.constdata)
    PF0                                      0x080093e4   Data           8  gpio.o(.constdata)
    PF1                                      0x080093ec   Data           8  gpio.o(.constdata)
    PF2                                      0x080093f4   Data           8  gpio.o(.constdata)
    PF3                                      0x080093fc   Data           8  gpio.o(.constdata)
    PF4                                      0x08009404   Data           8  gpio.o(.constdata)
    PF5                                      0x0800940c   Data           8  gpio.o(.constdata)
    PF6                                      0x08009414   Data           8  gpio.o(.constdata)
    PF7                                      0x0800941c   Data           8  gpio.o(.constdata)
    PF8                                      0x08009424   Data           8  gpio.o(.constdata)
    PF9                                      0x0800942c   Data           8  gpio.o(.constdata)
    PF10                                     0x08009434   Data           8  gpio.o(.constdata)
    PF11                                     0x0800943c   Data           8  gpio.o(.constdata)
    PF12                                     0x08009444   Data           8  gpio.o(.constdata)
    PF13                                     0x0800944c   Data           8  gpio.o(.constdata)
    PF14                                     0x08009454   Data           8  gpio.o(.constdata)
    PF15                                     0x0800945c   Data           8  gpio.o(.constdata)
    PG0                                      0x08009464   Data           8  gpio.o(.constdata)
    PG1                                      0x0800946c   Data           8  gpio.o(.constdata)
    PG2                                      0x08009474   Data           8  gpio.o(.constdata)
    PG3                                      0x0800947c   Data           8  gpio.o(.constdata)
    PG4                                      0x08009484   Data           8  gpio.o(.constdata)
    PG5                                      0x0800948c   Data           8  gpio.o(.constdata)
    PG6                                      0x08009494   Data           8  gpio.o(.constdata)
    PG7                                      0x0800949c   Data           8  gpio.o(.constdata)
    PG8                                      0x080094a4   Data           8  gpio.o(.constdata)
    PG9                                      0x080094ac   Data           8  gpio.o(.constdata)
    PG10                                     0x080094b4   Data           8  gpio.o(.constdata)
    PG11                                     0x080094bc   Data           8  gpio.o(.constdata)
    PG12                                     0x080094c4   Data           8  gpio.o(.constdata)
    PG13                                     0x080094cc   Data           8  gpio.o(.constdata)
    PG14                                     0x080094d4   Data           8  gpio.o(.constdata)
    PG15                                     0x080094dc   Data           8  gpio.o(.constdata)
    CRC8_INIT                                0x080094e4   Data           1  judge.o(.constdata)
    CRC8_TAB                                 0x080094e5   Data         256  judge.o(.constdata)
    wCRC_Table                               0x080095e6   Data         512  judge.o(.constdata)
    Region$$Table$$Base                      0x080098e4   Number         0  anon$$obj.o(Region$$Table)
    Region$$Table$$Limit                     0x08009904   Number         0  anon$$obj.o(Region$$Table)
    __ctype                                  0x0800992d   Data           0  lc_ctype_c.o(locale$$data)
    SetpointStatic                           0x20001000   Data           1  main.o(.data)
    GimbalState                              0x20001001   Data           1  main.o(.data)
    kp                                       0x20001008   Data           4  main.o(.data)
    ki                                       0x2000100c   Data           4  main.o(.data)
    kd                                       0x20001010   Data           4  main.o(.data)
    setpoint_angle                           0x20001014   Data           4  main.o(.data)
    feedback_angle                           0x20001018   Data           4  main.o(.data)
    output_angle_speed                       0x2000101c   Data           4  main.o(.data)
    kp_angle                                 0x20001020   Data           4  main.o(.data)
    ki_angle                                 0x20001024   Data           4  main.o(.data)
    kd_angle                                 0x20001028   Data           4  main.o(.data)
    FILTER_RATE_LIMIT                        0x2000102c   Data           4  main.o(.data)
    feedback_current                         0x20001030   Data           4  main.o(.data)
    feedback_voltage                         0x20001034   Data           4  main.o(.data)
    work_target                              0x20001038   Data           4  main.o(.data)
    Pr                                       0x2000103c   Data           4  main.o(.data)
    PL                                       0x20001040   Data           4  main.o(.data)
    W                                        0x20001044   Data           4  main.o(.data)
    W_int                                    0x20001048   Data           4  main.o(.data)
    work_pid_output                          0x2000104c   Data           4  main.o(.data)
    wheel_setpoint_coefficient               0x20001050   Data           4  main.o(.data)
    kp_power                                 0x20001054   Data           4  main.o(.data)
    ki_power                                 0x20001058   Data           4  main.o(.data)
    kd_power                                 0x2000105c   Data           4  main.o(.data)
    prevGMYawEncoderEcdAngle                 0x20001060   Data           4  main.o(.data)
    gimbalPositionSetpoint                   0x20001064   Data           4  main.o(.data)
    bufferedGimbalPositionSetpoint           0x20001068   Data           4  main.o(.data)
    isGimbalPositionSetpointIncrease         0x2000106c   Data           1  main.o(.data)
    gimbalSpeedSetpoint                      0x20001070   Data           4  main.o(.data)
    gimbalSpeedMoveOutput                    0x20001074   Data           4  main.o(.data)
    SystemCoreClock                          0x20001078   Data           4  system_stm32f4xx.o(.data)
    AHBPrescTable                            0x2000107c   Data          16  system_stm32f4xx.o(.data)
    curr_bg_color                            0x200020a6   Data           2  1.8 tft_display.o(.data)
    curr_text_color                          0x200020a8   Data           2  1.8 tft_display.o(.data)
    curr_text_color_sp                       0x200020aa   Data           2  1.8 tft_display.o(.data)
    tft_orientation                          0x200020ac   Data           1  1.8 tft_display.o(.data)
    tft_enabled                              0x200020ad   Data           1  1.8 tft_display.o(.data)
    print_pos                                0x200020ae   Data           2  1.8 tft_display.o(.data)
    curr_ang_vel                             0x200030b0   Data           2  yaw_gyro.o(.data)
    prev_ang_vel                             0x200030b2   Data           2  yaw_gyro.o(.data)
    gyro_angle                               0x200030b4   Data           4  yaw_gyro.o(.data)
    curr_real_angle                          0x200030b8   Data           2  yaw_gyro.o(.data)
    prev_real_angle                          0x200030ba   Data           2  yaw_gyro.o(.data)
    gyro_cal_result                          0x200030bc   Data           2  yaw_gyro.o(.data)
    gyro_state                               0x200030be   Data           1  yaw_gyro.o(.data)
    sim1_angle                               0x200030c0   Data           4  yaw_gyro.o(.data)
    sim2_angle                               0x200030c4   Data           4  yaw_gyro.o(.data)
    sim_factor                               0x200030c8   Data           1  yaw_gyro.o(.data)
    sim_before                               0x200030cc   Data           4  yaw_gyro.o(.data)
    sim_now                                  0x200030d0   Data           4  yaw_gyro.o(.data)
    sim_angle                                0x200030d4   Data           4  yaw_gyro.o(.data)
    real_angle                               0x200030d8   Data           2  yaw_gyro.o(.data)
    sim_angle_off                            0x200030da   Data           2  yaw_gyro.o(.data)
    yaw_Kp                                   0x200030dc   Data           4  yaw_gyro.o(.data)
    yaw_Ki                                   0x200030e0   Data           4  yaw_gyro.o(.data)
    yaw_Kd                                   0x200030e4   Data           4  yaw_gyro.o(.data)
    yaw_temp_derivative                      0x200030e8   Data           4  yaw_gyro.o(.data)
    yaw_temp_integral                        0x200030ec   Data           4  yaw_gyro.o(.data)
    yaw_pre_error                            0x200030f0   Data           4  yaw_gyro.o(.data)
    yaw_pid_output_angle                     0x200030f4   Data           4  yaw_gyro.o(.data)
    angle_updated                            0x200030f8   Data           4  yaw_gyro.o(.data)
    old_yaw                                  0x200030fc   Data           4  yaw_gyro.o(.data)
    yaw_turn_time                            0x20003100   Data           2  yaw_gyro.o(.data)
    output_angle                             0x20003104   Data           4  yaw_gyro.o(.data)
    connected_timer                          0x20003110   Data           1  dbus.o(.data)
    UARTtemp                                 0x20003111   Data           1  dbus.o(.data)
    CRC_INIT                                 0x20004114   Data           2  judge.o(.data)
    UARTtemp1                                0x20004116   Data           1  judge.o(.data)
    FT                                       0x20004118   Data           4  judge.o(.data)
    buffer                                   0x2000411c   Data        4800  main.o(.bss)
    states                                   0x200053dc   Data          48  main.o(.bss)
    wheel_setpoints                          0x2000540c   Data          16  main.o(.bss)
    wheel_feedbacks                          0x2000541c   Data          16  main.o(.bss)
    wheel_outputs                            0x2000542c   Data          16  main.o(.bss)
    state_angle                              0x2000543c   Data          12  main.o(.bss)
    work_state                               0x20005448   Data          12  main.o(.bss)
    gimbalPositionState                      0x20005454   Data          28  main.o(.bss)
    gimbalSpeedMoveState                     0x20005470   Data          28  main.o(.bss)
    text                                     0x2000548c   Data         240  1.8 tft_display.o(.bss)
    text_prev                                0x2000557c   Data         240  1.8 tft_display.o(.bss)
    text_color                               0x2000566c   Data         480  1.8 tft_display.o(.bss)
    text_color_prev                          0x2000584c   Data         480  1.8 tft_display.o(.bss)
    bg_color                                 0x20005a2c   Data         480  1.8 tft_display.o(.bss)
    bg_color_prev                            0x20005c0c   Data         480  1.8 tft_display.o(.bss)
    text_bg_color_prev                       0x20005dec   Data         240  1.8 tft_display.o(.bss)
    ADC1_level                               0x20005edc   Data          34  adc.o(.bss)
    CM1Encoder                               0x20005f00   Data          64  canbusprocess.o(.bss)
    CM2Encoder                               0x20005f40   Data          64  canbusprocess.o(.bss)
    CM3Encoder                               0x20005f80   Data          64  canbusprocess.o(.bss)
    CM4Encoder                               0x20005fc0   Data          64  canbusprocess.o(.bss)
    GMYawEncoder                             0x20006000   Data          64  canbusprocess.o(.bss)
    GMPitchEncoder                           0x20006040   Data          64  canbusprocess.o(.bss)
    GMxEncoder                               0x20006080   Data          64  canbusprocess.o(.bss)
    DBUS_ReceiveData                         0x200060c0   Data          40  dbus.o(.bss)
    LASTDBUS_ReceiveData                     0x200060e8   Data          40  dbus.o(.bss)
    DBUSBuffer                               0x20006110   Data          19  dbus.o(.bss)
    InfantryJudge                            0x20006124   Data          16  judge.o(.bss)
    JudgeDataBuffer                          0x20006134   Data         150  judge.o(.bss)
    __libspace_start                         0x200061cc   Data          96  libspace.o(.bss)
    __temporary_stack_top$libspace           0x2000622c   Data           0  libspace.o(.bss)



==============================================================================

Memory Map of the image

  Image Entry point : 0x08000189

  Load Region LR_IROM1 (Base: 0x08000000, Size: 0x0000db4c, Max: 0x00100000, ABSOLUTE, COMPRESSED[0x0000a1c8])

    Execution Region ER_IROM1 (Base: 0x08000000, Size: 0x00009a30, Max: 0x00100000, ABSOLUTE)

    Base Addr    Size         Type   Attr      Idx    E Section Name        Object

    0x08000000   0x00000188   Data   RO          292    RESET               startup_stm32f40_41xxx.o
    0x08000188   0x00000008   Code   RO         1275  * !!!main             c_w.l(__main.o)
    0x08000190   0x00000034   Code   RO         1632    !!!scatter          c_w.l(__scatter.o)
    0x080001c4   0x00000064   Code   RO         1630    !!dclz77c           c_w.l(__dclz77c.o)
    0x08000228   0x0000001c   Code   RO         1634    !!handler_zi        c_w.l(__scatter_zi.o)
    0x08000244   0x00000000   Code   RO         1385    .ARM.Collect$$_printf_percent$$00000000  c_w.l(_printf_percent.o)
    0x08000244   0x00000006   Code   RO         1374    .ARM.Collect$$_printf_percent$$00000001  c_w.l(_printf_n.o)
    0x0800024a   0x00000006   Code   RO         1376    .ARM.Collect$$_printf_percent$$00000002  c_w.l(_printf_p.o)
    0x08000250   0x00000006   Code   RO         1381    .ARM.Collect$$_printf_percent$$00000003  c_w.l(_printf_f.o)
    0x08000256   0x00000006   Code   RO         1382    .ARM.Collect$$_printf_percent$$00000004  c_w.l(_printf_e.o)
    0x0800025c   0x00000006   Code   RO         1383    .ARM.Collect$$_printf_percent$$00000005  c_w.l(_printf_g.o)
    0x08000262   0x00000006   Code   RO         1384    .ARM.Collect$$_printf_percent$$00000006  c_w.l(_printf_a.o)
    0x08000268   0x0000000a   Code   RO         1389    .ARM.Collect$$_printf_percent$$00000007  c_w.l(_printf_ll.o)
    0x08000272   0x00000006   Code   RO         1378    .ARM.Collect$$_printf_percent$$00000008  c_w.l(_printf_i.o)
    0x08000278   0x00000006   Code   RO         1379    .ARM.Collect$$_printf_percent$$00000009  c_w.l(_printf_d.o)
    0x0800027e   0x00000006   Code   RO         1380    .ARM.Collect$$_printf_percent$$0000000A  c_w.l(_printf_u.o)
    0x08000284   0x00000006   Code   RO         1377    .ARM.Collect$$_printf_percent$$0000000B  c_w.l(_printf_o.o)
    0x0800028a   0x00000006   Code   RO         1375    .ARM.Collect$$_printf_percent$$0000000C  c_w.l(_printf_x.o)
    0x08000290   0x00000006   Code   RO         1386    .ARM.Collect$$_printf_percent$$0000000D  c_w.l(_printf_lli.o)
    0x08000296   0x00000006   Code   RO         1387    .ARM.Collect$$_printf_percent$$0000000E  c_w.l(_printf_lld.o)
    0x0800029c   0x00000006   Code   RO         1388    .ARM.Collect$$_printf_percent$$0000000F  c_w.l(_printf_llu.o)
    0x080002a2   0x00000006   Code   RO         1393    .ARM.Collect$$_printf_percent$$00000010  c_w.l(_printf_llo.o)
    0x080002a8   0x00000006   Code   RO         1394    .ARM.Collect$$_printf_percent$$00000011  c_w.l(_printf_llx.o)
    0x080002ae   0x0000000a   Code   RO         1390    .ARM.Collect$$_printf_percent$$00000012  c_w.l(_printf_l.o)
    0x080002b8   0x00000006   Code   RO         1372    .ARM.Collect$$_printf_percent$$00000013  c_w.l(_printf_c.o)
    0x080002be   0x00000006   Code   RO         1373    .ARM.Collect$$_printf_percent$$00000014  c_w.l(_printf_s.o)
    0x080002c4   0x00000006   Code   RO         1391    .ARM.Collect$$_printf_percent$$00000015  c_w.l(_printf_lc.o)
    0x080002ca   0x00000006   Code   RO         1392    .ARM.Collect$$_printf_percent$$00000016  c_w.l(_printf_ls.o)
    0x080002d0   0x00000004   Code   RO         1442    .ARM.Collect$$_printf_percent$$00000017  c_w.l(_printf_percent_end.o)
    0x080002d4   0x00000002   Code   RO         1491    .ARM.Collect$$libinit$$00000000  c_w.l(libinit.o)
    0x080002d6   0x00000004   Code   RO         1506    .ARM.Collect$$libinit$$00000001  c_w.l(libinit2.o)
    0x080002da   0x00000000   Code   RO         1509    .ARM.Collect$$libinit$$00000004  c_w.l(libinit2.o)
    0x080002da   0x00000000   Code   RO         1512    .ARM.Collect$$libinit$$0000000A  c_w.l(libinit2.o)
    0x080002da   0x00000000   Code   RO         1514    .ARM.Collect$$libinit$$0000000C  c_w.l(libinit2.o)
    0x080002da   0x00000000   Code   RO         1516    .ARM.Collect$$libinit$$0000000E  c_w.l(libinit2.o)
    0x080002da   0x00000006   Code   RO         1517    .ARM.Collect$$libinit$$0000000F  c_w.l(libinit2.o)
    0x080002e0   0x00000000   Code   RO         1519    .ARM.Collect$$libinit$$00000011  c_w.l(libinit2.o)
    0x080002e0   0x0000000c   Code   RO         1520    .ARM.Collect$$libinit$$00000012  c_w.l(libinit2.o)
    0x080002ec   0x00000000   Code   RO         1521    .ARM.Collect$$libinit$$00000013  c_w.l(libinit2.o)
    0x080002ec   0x00000000   Code   RO         1523    .ARM.Collect$$libinit$$00000015  c_w.l(libinit2.o)
    0x080002ec   0x0000000a   Code   RO         1524    .ARM.Collect$$libinit$$00000016  c_w.l(libinit2.o)
    0x080002f6   0x00000000   Code   RO         1525    .ARM.Collect$$libinit$$00000017  c_w.l(libinit2.o)
    0x080002f6   0x00000000   Code   RO         1527    .ARM.Collect$$libinit$$00000019  c_w.l(libinit2.o)
    0x080002f6   0x00000000   Code   RO         1529    .ARM.Collect$$libinit$$0000001B  c_w.l(libinit2.o)
    0x080002f6   0x00000000   Code   RO         1531    .ARM.Collect$$libinit$$0000001D  c_w.l(libinit2.o)
    0x080002f6   0x00000000   Code   RO         1533    .ARM.Collect$$libinit$$0000001F  c_w.l(libinit2.o)
    0x080002f6   0x00000000   Code   RO         1535    .ARM.Collect$$libinit$$00000021  c_w.l(libinit2.o)
    0x080002f6   0x00000000   Code   RO         1537    .ARM.Collect$$libinit$$00000023  c_w.l(libinit2.o)
    0x080002f6   0x00000000   Code   RO         1539    .ARM.Collect$$libinit$$00000025  c_w.l(libinit2.o)
    0x080002f6   0x00000000   Code   RO         1543    .ARM.Collect$$libinit$$0000002C  c_w.l(libinit2.o)
    0x080002f6   0x00000000   Code   RO         1545    .ARM.Collect$$libinit$$0000002E  c_w.l(libinit2.o)
    0x080002f6   0x00000000   Code   RO         1547    .ARM.Collect$$libinit$$00000030  c_w.l(libinit2.o)
    0x080002f6   0x00000000   Code   RO         1549    .ARM.Collect$$libinit$$00000032  c_w.l(libinit2.o)
    0x080002f6   0x00000002   Code   RO         1550    .ARM.Collect$$libinit$$00000033  c_w.l(libinit2.o)
    0x080002f8   0x00000002   Code   RO         1570    .ARM.Collect$$libshutdown$$00000000  c_w.l(libshutdown.o)
    0x080002fa   0x00000000   Code   RO         1583    .ARM.Collect$$libshutdown$$00000002  c_w.l(libshutdown2.o)
    0x080002fa   0x00000000   Code   RO         1585    .ARM.Collect$$libshutdown$$00000004  c_w.l(libshutdown2.o)
    0x080002fa   0x00000000   Code   RO         1588    .ARM.Collect$$libshutdown$$00000007  c_w.l(libshutdown2.o)
    0x080002fa   0x00000000   Code   RO         1591    .ARM.Collect$$libshutdown$$0000000A  c_w.l(libshutdown2.o)
    0x080002fa   0x00000000   Code   RO         1593    .ARM.Collect$$libshutdown$$0000000C  c_w.l(libshutdown2.o)
    0x080002fa   0x00000000   Code   RO         1596    .ARM.Collect$$libshutdown$$0000000F  c_w.l(libshutdown2.o)
    0x080002fa   0x00000002   Code   RO         1597    .ARM.Collect$$libshutdown$$00000010  c_w.l(libshutdown2.o)
    0x080002fc   0x00000000   Code   RO         1303    .ARM.Collect$$rtentry$$00000000  c_w.l(__rtentry.o)
    0x080002fc   0x00000000   Code   RO         1413    .ARM.Collect$$rtentry$$00000002  c_w.l(__rtentry2.o)
    0x080002fc   0x00000006   Code   RO         1425    .ARM.Collect$$rtentry$$00000004  c_w.l(__rtentry4.o)
    0x08000302   0x00000000   Code   RO         1415    .ARM.Collect$$rtentry$$00000009  c_w.l(__rtentry2.o)
    0x08000302   0x00000004   Code   RO         1416    .ARM.Collect$$rtentry$$0000000A  c_w.l(__rtentry2.o)
    0x08000306   0x00000000   Code   RO         1418    .ARM.Collect$$rtentry$$0000000C  c_w.l(__rtentry2.o)
    0x08000306   0x00000008   Code   RO         1419    .ARM.Collect$$rtentry$$0000000D  c_w.l(__rtentry2.o)
    0x0800030e   0x00000002   Code   RO         1499    .ARM.Collect$$rtexit$$00000000  c_w.l(rtexit.o)
    0x08000310   0x00000000   Code   RO         1552    .ARM.Collect$$rtexit$$00000002  c_w.l(rtexit2.o)
    0x08000310   0x00000004   Code   RO         1553    .ARM.Collect$$rtexit$$00000003  c_w.l(rtexit2.o)
    0x08000314   0x00000006   Code   RO         1554    .ARM.Collect$$rtexit$$00000004  c_w.l(rtexit2.o)
    0x0800031a   0x00000024   Code   RO            4    .text               stm32f4xx_it.o
    0x0800033e   0x00000002   PAD
    0x08000340   0x0000096c   Code   RO          151    .text               main.o
    0x08000cac   0x00000210   Code   RO          263    .text               system_stm32f4xx.o
    0x08000ebc   0x00000040   Code   RO          293    .text               startup_stm32f40_41xxx.o
    0x08000efc   0x000000e0   Code   RO          300    .text               misc.o
    0x08000fdc   0x00000464   Code   RO          350    .text               stm32f4xx_adc.o
    0x08001440   0x000009f0   Code   RO          374    .text               stm32f4xx_can.o
    0x08001e30   0x000003a8   Code   RO          422    .text               stm32f4xx_dma.o
    0x080021d8   0x00000294   Code   RO          470    .text               stm32f4xx_gpio.o
    0x0800246c   0x00000480   Code   RO          518    .text               stm32f4xx_spi.o
    0x080028ec   0x00000ca2   Code   RO          566    .text               stm32f4xx_tim.o
    0x0800358e   0x00000002   PAD
    0x08003590   0x00000454   Code   RO          590    .text               stm32f4xx_usart.o
    0x080039e4   0x0000065c   Code   RO          614    .text               stm32f4xx_rcc.o
    0x08004040   0x000002bc   Code   RO          674    .text               gpio.o
    0x080042fc   0x000000cc   Code   RO          704    .text               ticks.o
    0x080043c8   0x00000184   Code   RO          734    .text               pwm.o
    0x0800454c   0x00000200   Code   RO          761    .text               timer.o
    0x0800474c   0x00000064   Code   RO          816    .text               led.o
    0x080047b0   0x00000e7c   Code   RO          869    .text               1.8 tft_display.o
    0x0800562c   0x000007a0   Code   RO          944    .text               yaw_gyro.o
    0x08005dcc   0x00000148   Code   RO          979    .text               adc.o
    0x08005f14   0x00000130   Code   RO         1014    .text               encoder.o
    0x08006044   0x00000080   Code   RO         1040    .text               pneumatic.o
    0x080060c4   0x00000150   Code   RO         1064    .text               can1.o
    0x08006214   0x00000150   Code   RO         1092    .text               can2.o
    0x08006364   0x000002c0   Code   RO         1119    .text               canbusprocess.o
    0x08006624   0x000002e8   Code   RO         1154    .text               dbus.o
    0x0800690c   0x00000318   Code   RO         1185    .text               judge.o
    0x08006c24   0x0000014c   Code   RO         1243    .text               pid.o
    0x08006d70   0x000000da   Code   RO         1255    .text               helper_functions.o
    0x08006e4a   0x00000002   PAD
    0x08006e4c   0x00000024   Code   RO         1269    .text               c_w.l(vsprintf.o)
    0x08006e70   0x00000064   Code   RO         1271    .text               c_w.l(rt_memcpy_w.o)
    0x08006ed4   0x00000006   Code   RO         1273    .text               c_w.l(heapauxi.o)
    0x08006eda   0x0000004e   Code   RO         1306    .text               c_w.l(_printf_pad.o)
    0x08006f28   0x00000024   Code   RO         1308    .text               c_w.l(_printf_truncate.o)
    0x08006f4c   0x00000052   Code   RO         1310    .text               c_w.l(_printf_str.o)
    0x08006f9e   0x00000002   PAD
    0x08006fa0   0x00000078   Code   RO         1312    .text               c_w.l(_printf_dec.o)
    0x08007018   0x00000028   Code   RO         1314    .text               c_w.l(_printf_charcount.o)
    0x08007040   0x00000030   Code   RO         1316    .text               c_w.l(_printf_char_common.o)
    0x08007070   0x0000000a   Code   RO         1318    .text               c_w.l(_sputc.o)
    0x0800707a   0x00000002   PAD
    0x0800707c   0x000000bc   Code   RO         1320    .text               c_w.l(_printf_wctomb.o)
    0x08007138   0x0000007c   Code   RO         1323    .text               c_w.l(_printf_longlong_dec.o)
    0x080071b4   0x00000070   Code   RO         1329    .text               c_w.l(_printf_oct_int_ll.o)
    0x08007224   0x00000094   Code   RO         1349    .text               c_w.l(_printf_hex_int_ll_ptr.o)
    0x080072b8   0x00000188   Code   RO         1369    .text               c_w.l(__printf_flags_ss_wp.o)
    0x08007440   0x0000008a   Code   RO         1427    .text               c_w.l(lludiv10.o)
    0x080074ca   0x000000b2   Code   RO         1429    .text               c_w.l(_printf_intcommon.o)
    0x0800757c   0x0000041a   Code   RO         1431    .text               c_w.l(_printf_fp_dec.o)
    0x08007996   0x00000002   PAD
    0x08007998   0x000002fc   Code   RO         1433    .text               c_w.l(_printf_fp_hex.o)
    0x08007c94   0x0000002c   Code   RO         1438    .text               c_w.l(_printf_char.o)
    0x08007cc0   0x0000002c   Code   RO         1440    .text               c_w.l(_printf_wchar.o)
    0x08007cec   0x00000040   Code   RO         1443    .text               c_w.l(_wcrtomb.o)
    0x08007d2c   0x0000004a   Code   RO         1445    .text               c_w.l(sys_stackheap_outer.o)
    0x08007d76   0x00000002   PAD
    0x08007d78   0x00000010   Code   RO         1447    .text               c_w.l(rt_ctype_table.o)
    0x08007d88   0x00000008   Code   RO         1452    .text               c_w.l(rt_locale_intlibspace.o)
    0x08007d90   0x00000080   Code   RO         1454    .text               c_w.l(_printf_fp_infnan.o)
    0x08007e10   0x000000dc   Code   RO         1456    .text               c_w.l(bigflt0.o)
    0x08007eec   0x00000012   Code   RO         1484    .text               c_w.l(exit.o)
    0x08007efe   0x00000002   PAD
    0x08007f00   0x00000008   Code   RO         1496    .text               c_w.l(libspace.o)
    0x08007f08   0x00000080   Code   RO         1504    .text               c_w.l(strcmpv7m.o)
    0x08007f88   0x0000000c   Code   RO         1562    .text               c_w.l(sys_exit.o)
    0x08007f94   0x00000002   Code   RO         1573    .text               c_w.l(use_no_semi.o)
    0x08007f96   0x00000000   Code   RO         1575    .text               c_w.l(indicate_semi.o)
    0x08007f96   0x0000003e   Code   RO         1459    CL$$btod_d2e        c_w.l(btod.o)
    0x08007fd4   0x00000046   Code   RO         1461    CL$$btod_d2e_denorm_low  c_w.l(btod.o)
    0x0800801a   0x00000060   Code   RO         1460    CL$$btod_d2e_norm_op1  c_w.l(btod.o)
    0x0800807a   0x00000338   Code   RO         1469    CL$$btod_div_common  c_w.l(btod.o)
    0x080083b2   0x000000c6   Code   RO         1466    CL$$btod_e2e        c_w.l(btod.o)
    0x08008478   0x00000028   Code   RO         1463    CL$$btod_ediv       c_w.l(btod.o)
    0x080084a0   0x00000028   Code   RO         1462    CL$$btod_emul       c_w.l(btod.o)
    0x080084c8   0x00000244   Code   RO         1468    CL$$btod_mult_common  c_w.l(btod.o)
    0x0800870c   0x00000030   Code   RO         1494    i.__ARM_fpclassify  m_wm.l(fpclassify.o)
    0x0800873c   0x0000000e   Code   RO         1362    i._is_digit         c_w.l(__printf_wp.o)
    0x0800874a   0x00000002   PAD
    0x0800874c   0x0000002c   Code   RO         1482    locale$$code        c_w.l(lc_numeric_c.o)
    0x08008778   0x0000002c   Code   RO         1502    locale$$code        c_w.l(lc_ctype_c.o)
    0x080087a4   0x00000062   Code   RO         1277    x$fpl$d2f           fz_wm.l(d2f.o)
    0x08008806   0x00000002   PAD
    0x08008808   0x00000150   Code   RO         1279    x$fpl$dadd          fz_wm.l(daddsub_clz.o)
    0x08008958   0x000002b0   Code   RO         1286    x$fpl$ddiv          fz_wm.l(ddiv.o)
    0x08008c08   0x0000005e   Code   RO         1289    x$fpl$dfix          fz_wm.l(dfix.o)
    0x08008c66   0x0000002e   Code   RO         1294    x$fpl$dflt          fz_wm.l(dflt_clz.o)
    0x08008c94   0x00000154   Code   RO         1299    x$fpl$dmul          fz_wm.l(dmul.o)
    0x08008de8   0x0000009c   Code   RO         1395    x$fpl$dnaninf       fz_wm.l(dnaninf.o)
    0x08008e84   0x0000000c   Code   RO         1397    x$fpl$dretinf       fz_wm.l(dretinf.o)
    0x08008e90   0x000001d4   Code   RO         1281    x$fpl$dsub          fz_wm.l(daddsub_clz.o)
    0x08009064   0x00000056   Code   RO         1301    x$fpl$f2d           fz_wm.l(f2d.o)
    0x080090ba   0x0000008c   Code   RO         1399    x$fpl$fnaninf       fz_wm.l(fnaninf.o)
    0x08009146   0x0000000a   Code   RO         1560    x$fpl$fpinit        fz_wm.l(fpinit.o)
    0x08009150   0x0000000a   Code   RO         1401    x$fpl$fretinf       fz_wm.l(fretinf.o)
    0x0800915a   0x00000004   Code   RO         1403    x$fpl$printf1       fz_wm.l(printf1.o)
    0x0800915e   0x00000004   Code   RO         1405    x$fpl$printf2       fz_wm.l(printf2.o)
    0x08009162   0x00000000   Code   RO         1411    x$fpl$usenofp       fz_wm.l(usenofp.o)
    0x08009162   0x00000002   PAD
    0x08009164   0x00000380   Data   RO          675    .constdata          gpio.o
    0x080094e4   0x00000302   Data   RO         1187    .constdata          judge.o
    0x080097e6   0x00000002   PAD
    0x080097e8   0x00000008   Data   RO         1321    .constdata          c_w.l(_printf_wctomb.o)
    0x080097f0   0x00000028   Data   RO         1350    .constdata          c_w.l(_printf_hex_int_ll_ptr.o)
    0x08009818   0x00000011   Data   RO         1370    .constdata          c_w.l(__printf_flags_ss_wp.o)
    0x08009829   0x00000026   Data   RO         1434    .constdata          c_w.l(_printf_fp_hex.o)
    0x0800984f   0x00000001   PAD
    0x08009850   0x00000094   Data   RO         1457    .constdata          c_w.l(bigflt0.o)
    0x080098e4   0x00000020   Data   RO         1628    Region$$Table       anon$$obj.o
    0x08009904   0x0000001c   Data   RO         1481    locale$$data        c_w.l(lc_numeric_c.o)
    0x08009920   0x00000110   Data   RO         1501    locale$$data        c_w.l(lc_ctype_c.o)


    Execution Region RW_IRAM1 (Base: 0x20000000, Size: 0x00006830, Max: 0x00020000, ABSOLUTE, COMPRESSED[0x00000798])

    Base Addr    Size         Type   Attr      Idx    E Section Name        Object

    0x20000000   0x00001078   Data   RW          153    .data               main.o
    0x20001078   0x00000014   Data   RW          264    .data               system_stm32f4xx.o
    0x2000108c   0x00000010   Data   RW          615    .data               stm32f4xx_rcc.o
    0x2000109c   0x00000008   Data   RW          705    .data               ticks.o
    0x200010a4   0x00000001   Data   RW          817    .data               led.o
    0x200010a5   0x00000001   PAD
    0x200010a6   0x0000100a   Data   RW          871    .data               1.8 tft_display.o
    0x200020b0   0x00001058   Data   RW          945    .data               yaw_gyro.o
    0x20003108   0x00000002   Data   RW         1015    .data               encoder.o
    0x2000310a   0x00000002   PAD
    0x2000310c   0x00000004   Data   RW         1121    .data               canbusprocess.o
    0x20003110   0x00000002   Data   RW         1156    .data               dbus.o
    0x20003112   0x00000002   PAD
    0x20003114   0x00001008   Data   RW         1188    .data               judge.o
    0x2000411c   0x00001370   Zero   RW          152    .bss                main.o
    0x2000548c   0x00000a50   Zero   RW          870    .bss                1.8 tft_display.o
    0x20005edc   0x00000022   Zero   RW          980    .bss                adc.o
    0x20005efe   0x00000002   PAD
    0x20005f00   0x000001c0   Zero   RW         1120    .bss                canbusprocess.o
    0x200060c0   0x00000063   Zero   RW         1155    .bss                dbus.o
    0x20006123   0x00000001   PAD
    0x20006124   0x000000a6   Zero   RW         1186    .bss                judge.o
    0x200061ca   0x00000002   PAD
    0x200061cc   0x00000060   Zero   RW         1497    .bss                c_w.l(libspace.o)
    0x2000622c   0x00000004   PAD
    0x20006230   0x00000200   Zero   RW          291    HEAP                startup_stm32f40_41xxx.o
    0x20006430   0x00000400   Zero   RW          290    STACK               startup_stm32f40_41xxx.o


==============================================================================

Image component sizes


      Code (inc. data)   RO Data    RW Data    ZI Data      Debug   Object Name

      3708        144          0       4106       2640      10119   1.8 tft_display.o
       328         26          0          0         34       2493   adc.o
         0          0          0          0          0       2452   buzzer.o
       336         10          0          0          0       1060   can1.o
       336          8          0          0          0       1052   can2.o
       704         42          0          4        448       4210   canbusprocess.o
       744         38          0          2         99       2983   dbus.o
       304         22          0          2          0       1615   encoder.o
       700         20        896          0          0       6084   gpio.o
       218          0          0          0          0       1954   helper_functions.o
       792         56        770       4104        166       4702   judge.o
       100         10          0          1          0       1240   led.o
      2412        388          0       4216       4976       5408   main.o
       224         20          0          0          0     253049   misc.o
       332         12          0          0          0       2971   pid.o
       128         20          0          0          0        735   pneumatic.o
       388         36          0          0          0       1741   pwm.o
        64         26        392          0       1536        836   startup_stm32f40_41xxx.o
      1124         24          0          0          0      10690   stm32f4xx_adc.o
      2544         38          0          0          0       8148   stm32f4xx_can.o
       936         32          0          0          0       6397   stm32f4xx_dma.o
       660         44          0          0          0       4161   stm32f4xx_gpio.o
        36          0          0          0          0     311890   stm32f4xx_it.o
      1628         52          0         16          0      13040   stm32f4xx_rcc.o
      1152         36          0          0          0       6909   stm32f4xx_spi.o
      3234         60          0          0          0      23016   stm32f4xx_tim.o
      1108         34          0          0          0       7884   stm32f4xx_usart.o
       528         46          0         20          0       1783   system_stm32f4xx.o
       204         26          0          8          0      28285   ticks.o
       512         52          0          0          0       1883   timer.o
      1952        144          0       4184          0       7234   yaw_gyro.o

    ----------------------------------------------------------------------
     27442       1466       2092      16668       9904     736024   Object Totals
         0          0         32          0          0          0   (incl. Generated)
         6          0          2          5          5          0   (incl. Padding)

    ----------------------------------------------------------------------

      Code (inc. data)   RO Data    RW Data    ZI Data      Debug   Library Member Name

       100          0          0          0          0          0   __dclz77c.o
         8          0          0          0          0         68   __main.o
       392          4         17          0          0         92   __printf_flags_ss_wp.o
        14          0          0          0          0         68   __printf_wp.o
         0          0          0          0          0          0   __rtentry.o
        12          0          0          0          0          0   __rtentry2.o
         6          0          0          0          0          0   __rtentry4.o
        52          8          0          0          0          0   __scatter.o
        28          0          0          0          0          0   __scatter_zi.o
         6          0          0          0          0          0   _printf_a.o
         6          0          0          0          0          0   _printf_c.o
        44          0          0          0          0        108   _printf_char.o
        48          6          0          0          0         96   _printf_char_common.o
        40          0          0          0          0         68   _printf_charcount.o
         6          0          0          0          0          0   _printf_d.o
       120         16          0          0          0         92   _printf_dec.o
         6          0          0          0          0          0   _printf_e.o
         6          0          0          0          0          0   _printf_f.o
      1050          0          0          0          0        216   _printf_fp_dec.o
       764          8         38          0          0        100   _printf_fp_hex.o
       128         16          0          0          0         84   _printf_fp_infnan.o
         6          0          0          0          0          0   _printf_g.o
       148          4         40          0          0        160   _printf_hex_int_ll_ptr.o
         6          0          0          0          0          0   _printf_i.o
       178          0          0          0          0         88   _printf_intcommon.o
        10          0          0          0          0          0   _printf_l.o
         6          0          0          0          0          0   _printf_lc.o
        10          0          0          0          0          0   _printf_ll.o
         6          0          0          0          0          0   _printf_lld.o
         6          0          0          0          0          0   _printf_lli.o
         6          0          0          0          0          0   _printf_llo.o
         6          0          0          0          0          0   _printf_llu.o
         6          0          0          0          0          0   _printf_llx.o
       124         16          0          0          0         92   _printf_longlong_dec.o
         6          0          0          0          0          0   _printf_ls.o
         6          0          0          0          0          0   _printf_n.o
         6          0          0          0          0          0   _printf_o.o
       112          8          0          0          0        124   _printf_oct_int_ll.o
         6          0          0          0          0          0   _printf_p.o
        78          0          0          0          0        108   _printf_pad.o
         0          0          0          0          0          0   _printf_percent.o
         4          0          0          0          0          0   _printf_percent_end.o
         6          0          0          0          0          0   _printf_s.o
        82          0          0          0          0         80   _printf_str.o
        36          0          0          0          0         84   _printf_truncate.o
         6          0          0          0          0          0   _printf_u.o
        44          0          0          0          0        108   _printf_wchar.o
       188          6          8          0          0         92   _printf_wctomb.o
         6          0          0          0          0          0   _printf_x.o
        10          0          0          0          0         68   _sputc.o
        64          0          0          0          0         92   _wcrtomb.o
       220          4        148          0          0         96   bigflt0.o
      1910        128          0          0          0        672   btod.o
        18          0          0          0          0         80   exit.o
         6          0          0          0          0        152   heapauxi.o
         0          0          0          0          0          0   indicate_semi.o
        44         10        272          0          0         76   lc_ctype_c.o
        44         10         28          0          0         76   lc_numeric_c.o
         2          0          0          0          0          0   libinit.o
        34          0          0          0          0          0   libinit2.o
         2          0          0          0          0          0   libshutdown.o
         2          0          0          0          0          0   libshutdown2.o
         8          4          0          0         96         68   libspace.o
       138          0          0          0          0         80   lludiv10.o
        16          4          0          0          0         76   rt_ctype_table.o
         8          4          0          0          0         68   rt_locale_intlibspace.o
       100          0          0          0          0         80   rt_memcpy_w.o
         2          0          0          0          0          0   rtexit.o
        10          0          0          0          0          0   rtexit2.o
       128          0          0          0          0         68   strcmpv7m.o
        12          4          0          0          0         68   sys_exit.o
        74          0          0          0          0         80   sys_stackheap_outer.o
         2          0          0          0          0         68   use_no_semi.o
        36          4          0          0          0         76   vsprintf.o
        98          4          0          0          0        140   d2f.o
       804         16          0          0          0        368   daddsub_clz.o
       688        140          0          0          0        256   ddiv.o
        94          4          0          0          0        140   dfix.o
        46          0          0          0          0        116   dflt_clz.o
       340         12          0          0          0        152   dmul.o
       156          4          0          0          0        140   dnaninf.o
        12          0          0          0          0        116   dretinf.o
        86          4          0          0          0        132   f2d.o
       140          4          0          0          0        132   fnaninf.o
        10          0          0          0          0        116   fpinit.o
        10          0          0          0          0        116   fretinf.o
         4          0          0          0          0        116   printf1.o
         4          0          0          0          0        116   printf2.o
         0          0          0          0          0          0   usenofp.o
        48          0          0          0          0        124   fpclassify.o

    ----------------------------------------------------------------------
      9386        452        552          0        100       6252   Library Totals
        16          0          1          0          4          0   (incl. Padding)

    ----------------------------------------------------------------------

      Code (inc. data)   RO Data    RW Data    ZI Data      Debug   Library Name

      6830        264        551          0         96       3972   c_w.l
      2492        188          0          0          0       2156   fz_wm.l
        48          0          0          0          0        124   m_wm.l

    ----------------------------------------------------------------------
      9386        452        552          0        100       6252   Library Totals

    ----------------------------------------------------------------------

==============================================================================


      Code (inc. data)   RO Data    RW Data    ZI Data      Debug   

     36828       1918       2644      16668      10004     731744   Grand Totals
     36828       1918       2644       1944      10004     731744   ELF Image Totals (compressed)
     36828       1918       2644       1944          0          0   ROM Totals

==============================================================================

    Total RO  Size (Code + RO Data)                39472 (  38.55kB)
    Total RW  Size (RW Data + ZI Data)             26672 (  26.05kB)
    Total ROM Size (Code + RO Data + RW Data)      41416 (  40.45kB)

==============================================================================

